Component: ARM Compiler 5.06 update 4 (build 422) Tool: armlink [4d35d2]

==============================================================================

Section Cross References

    main.o(i.blinky) refers to _printf_percent.o(.ARM.Collect$$_printf_percent$$00000000) for _printf_percent
    main.o(i.blinky) refers to _printf_x.o(.ARM.Collect$$_printf_percent$$0000000C) for _printf_x
    main.o(i.blinky) refers to _printf_hex_int.o(.text) for _printf_longlong_hex
    main.o(i.blinky) refers to tasks.o(i.vTaskDelay) for vTaskDelay
    main.o(i.blinky) refers to stm32f4xx_rtc.o(i.RTC_GetTime) for RTC_GetTime
    main.o(i.blinky) refers to noretval__2printf.o(.text) for __2printf
    main.o(i.blinky) refers to stm32f4xx_gpio.o(i.GPIO_ToggleBits) for GPIO_ToggleBits
    main.o(i.data_polling_task) refers to _printf_percent.o(.ARM.Collect$$_printf_percent$$00000000) for _printf_percent
    main.o(i.data_polling_task) refers to _printf_s.o(.ARM.Collect$$_printf_percent$$00000014) for _printf_s
    main.o(i.data_polling_task) refers to _printf_str.o(.text) for _printf_str
    main.o(i.data_polling_task) refers to uiplib.o(i.uiplib_ipaddrconv) for uiplib_ipaddrconv
    main.o(i.data_polling_task) refers to resolv.o(i.resolv_lookup) for resolv_lookup
    main.o(i.data_polling_task) refers to noretval__2printf.o(.text) for __2printf
    main.o(i.data_polling_task) refers to tasks.o(i.vTaskDelay) for vTaskDelay
    main.o(i.data_polling_task) refers to uip.o(i.uip_connect) for uip_connect
    main.o(i.data_polling_task) refers to tasks.o(i.vTaskSetTimeOutState) for vTaskSetTimeOutState
    main.o(i.data_polling_task) refers to tasks.o(i.xTaskCheckForTimeOut) for xTaskCheckForTimeOut
    main.o(i.data_polling_task) refers to stm32f4xx_rtc.o(i.RTC_SetTime) for RTC_SetTime
    main.o(i.data_polling_task) refers to main.o(.data) for host_bingmap_found
    main.o(i.data_polling_task) refers to tcp-demo.o(.data) for server_bingmap_connected
    main.o(i.data_polling_task) refers to uip.o(.data) for uip_flags
    main.o(i.gpio_init) refers to stm32f4xx_rcc.o(i.RCC_AHB1PeriphClockCmd) for RCC_AHB1PeriphClockCmd
    main.o(i.gpio_init) refers to stm32f4xx_gpio.o(i.GPIO_Init) for GPIO_Init
    main.o(i.gpio_init) refers to stm32f4xx_gpio.o(i.GPIO_SetBits) for GPIO_SetBits
    main.o(i.main) refers to noretval__2printf.o(.text) for __2printf
    main.o(i.main) refers to timer.o(i.timer_set) for timer_set
    main.o(i.main) refers to main.o(i.gpio_init) for gpio_init
    main.o(i.main) refers to main.o(i.spi_init) for spi_init
    main.o(i.main) refers to main.o(i.rtc_init) for rtc_init
    main.o(i.main) refers to tapdev.o(i.tapdev_init) for tapdev_init
    main.o(i.main) refers to uip_arp.o(i.uip_arp_init) for uip_arp_init
    main.o(i.main) refers to uip.o(i.uip_init) for uip_init
    main.o(i.main) refers to resolv.o(i.resolv_init) for resolv_init
    main.o(i.main) refers to resolv.o(i.resolv_conf) for resolv_conf
    main.o(i.main) refers to resolv.o(i.resolv_query) for resolv_query
    main.o(i.main) refers to tasks.o(i.xTaskCreate) for xTaskCreate
    main.o(i.main) refers to tasks.o(i.vTaskStartScheduler) for vTaskStartScheduler
    main.o(i.main) refers to main.o(.data) for periodic_timer
    main.o(i.main) refers to uip.o(.data) for uip_hostaddr
    main.o(i.main) refers to main.o(i.blinky) for blinky
    main.o(i.main) refers to main.o(i.uip_tick_task) for uip_tick_task
    main.o(i.main) refers to main.o(i.uip_polling_task) for uip_polling_task
    main.o(i.main) refers to main.o(i.data_polling_task) for data_polling_task
    main.o(i.resolv_found) refers to _printf_percent.o(.ARM.Collect$$_printf_percent$$00000000) for _printf_percent
    main.o(i.resolv_found) refers to _printf_s.o(.ARM.Collect$$_printf_percent$$00000014) for _printf_s
    main.o(i.resolv_found) refers to _printf_str.o(.text) for _printf_str
    main.o(i.resolv_found) refers to _printf_d.o(.ARM.Collect$$_printf_percent$$00000009) for _printf_d
    main.o(i.resolv_found) refers to _printf_dec.o(.text) for _printf_int_dec
    main.o(i.resolv_found) refers to noretval__2printf.o(.text) for __2printf
    main.o(i.resolv_found) refers to uip.o(i.htons) for htons
    main.o(i.resolv_found) refers to strstr.o(.text) for strstr
    main.o(i.resolv_found) refers to main.o(.data) for host_openweather_found
    main.o(i.rtc_init) refers to stm32f4xx_rcc.o(i.RCC_APB1PeriphClockCmd) for RCC_APB1PeriphClockCmd
    main.o(i.rtc_init) refers to stm32f4xx_pwr.o(i.PWR_BackupAccessCmd) for PWR_BackupAccessCmd
    main.o(i.rtc_init) refers to stm32f4xx_rcc.o(i.RCC_BackupResetCmd) for RCC_BackupResetCmd
    main.o(i.rtc_init) refers to stm32f4xx_rcc.o(i.RCC_LSICmd) for RCC_LSICmd
    main.o(i.rtc_init) refers to stm32f4xx_rcc.o(i.RCC_GetFlagStatus) for RCC_GetFlagStatus
    main.o(i.rtc_init) refers to stm32f4xx_rcc.o(i.RCC_RTCCLKConfig) for RCC_RTCCLKConfig
    main.o(i.rtc_init) refers to stm32f4xx_rtc.o(i.RTC_Init) for RTC_Init
[...]
    i                                        0x20000078   Data           1  uip_arp.o(.data)
    c                                        0x20000079   Data           1  uip_arp.o(.data)
    arptime                                  0x2000007a   Data           1  uip_arp.o(.data)
    tmpage                                   0x2000007b   Data           1  uip_arp.o(.data)
    .data                                    0x2000007c   Section       23  resolv.o(.data)
    seqno                                    0x2000007c   Data           1  resolv.o(.data)
    resolv_conn                              0x20000080   Data           4  resolv.o(.data)
    i                                        0x20000084   Data           1  resolv.o(.data)
    n                                        0x20000085   Data           1  resolv.o(.data)
    endquery                                 0x20000086   Data           5  resolv.o(.data)
    nquestions                               0x2000008b   Data           1  resolv.o(.data)
    nanswers                                 0x2000008c   Data           1  resolv.o(.data)
    i                                        0x2000008d   Data           1  resolv.o(.data)
    i                                        0x2000008e   Data           1  resolv.o(.data)
    lseq                                     0x2000008f   Data           1  resolv.o(.data)
    lseqi                                    0x20000090   Data           1  resolv.o(.data)
    i                                        0x20000091   Data           1  resolv.o(.data)
    i                                        0x20000092   Data           1  resolv.o(.data)
    .data                                    0x20000093   Section        6  tapdev.o(.data)
    .data                                    0x200000a0   Section       88  tcp-demo.o(.data)
    ipaddr                                   0x200000f4   Data           4  tcp-demo.o(.data)
    .data                                    0x200000f8   Section       60  tasks.o(.data)
    pxDelayedTaskList                        0x200000fc   Data           4  tasks.o(.data)
    pxOverflowDelayedTaskList                0x20000100   Data           4  tasks.o(.data)
    uxDeletedTasksWaitingCleanUp             0x20000104   Data           4  tasks.o(.data)
    uxCurrentNumberOfTasks                   0x20000108   Data           4  tasks.o(.data)
    xTickCount                               0x2000010c   Data           4  tasks.o(.data)
    uxTopReadyPriority                       0x20000110   Data           4  tasks.o(.data)
    xSchedulerRunning                        0x20000114   Data           4  tasks.o(.data)
    uxPendedTicks                            0x20000118   Data           4  tasks.o(.data)
    xYieldPending                            0x2000011c   Data           4  tasks.o(.data)
    xNumOfOverflows                          0x20000120   Data           4  tasks.o(.data)
    uxTaskNumber                             0x20000124   Data           4  tasks.o(.data)
    xNextTaskUnblockTime                     0x20000128   Data           4  tasks.o(.data)
    xIdleTaskHandle                          0x2000012c   Data           4  tasks.o(.data)
    uxSchedulerSuspended                     0x20000130   Data           4  tasks.o(.data)
    .data                                    0x20000134   Section       24  heap_4.o(.data)
    xStart                                   0x20000134   Data           8  heap_4.o(.data)
    pxEnd                                    0x2000013c   Data           4  heap_4.o(.data)
    xFreeBytesRemaining                      0x20000140   Data           4  heap_4.o(.data)
    xMinimumEverFreeBytesRemaining           0x20000144   Data           4  heap_4.o(.data)
    xBlockAllocatedBit                       0x20000148   Data           4  heap_4.o(.data)
    .data                                    0x2000014c   Section        4  port.o(.data)
    uxCriticalNesting                        0x2000014c   Data           4  port.o(.data)
    .data                                    0x20000150   Section        4  system_stm32f4xx.o(.data)
    .bss                                     0x20000154   Section     2476  uip.o(.bss)
    .bss                                     0x20000b00   Section       96  uip_arp.o(.bss)
    arp_table                                0x20000b00   Data          96  uip_arp.o(.bss)
    .bss                                     0x20000b60   Section      168  resolv.o(.bss)
    names                                    0x20000b60   Data         168  resolv.o(.bss)
    .bss                                     0x20000c08   Section      400  tcp-demo.o(.bss)
    .bss                                     0x20000d98   Section      200  tasks.o(.bss)
    pxReadyTasksLists                        0x20000d98   Data         100  tasks.o(.bss)
    xDelayedTaskList1                        0x20000dfc   Data          20  tasks.o(.bss)
    xDelayedTaskList2                        0x20000e10   Data          20  tasks.o(.bss)
    xPendingReadyList                        0x20000e24   Data          20  tasks.o(.bss)
    xTasksWaitingTermination                 0x20000e38   Data          20  tasks.o(.bss)
    xSuspendedTaskList                       0x20000e4c   Data          20  tasks.o(.bss)
    .bss                                     0x20000e60   Section    10240  heap_4.o(.bss)
    ucHeap                                   0x20000e60   Data       10240  heap_4.o(.bss)
    .bss                                     0x20003660   Section       96  libspace.o(.bss)
    HEAP                                     0x200036c0   Section      512  startup_stm32f407xx.o(HEAP)
    Heap_Mem                                 0x200036c0   Data         512  startup_stm32f407xx.o(HEAP)
    STACK                                    0x200038c0   Section     1024  startup_stm32f407xx.o(STACK)
    Stack_Mem                                0x200038c0   Data        1024  startup_stm32f407xx.o(STACK)
    __initial_sp                             0x20003cc0   Data           0  startup_stm32f407xx.o(STACK)

    Global Symbols

    Symbol Name                              Value     Ov Type        Size  Object(Section)

    BuildAttributes$$THM_ISAv4$E$P$D$K$B$S$7EM$VFPi3$EXTD16$VFPS$VFMA$PE$A:L22UL41UL21$X:L11$S22US41US21$IEEE1$IW$USESV6$~STKCKD$USESV7$~SHL$OTIME$ROPI$IEEEX$EBA8$UX$STANDARDLIB$REQ8$PRES8$EABIv2 0x00000000   Number         0  anon$$obj.o ABSOLUTE
    __ARM_use_no_argv                        0x00000000   Number         0  main.o ABSOLUTE
    _printf_flags                            0x00000000   Number         0  printf_stubs.o ABSOLUTE
    _printf_return_value                     0x00000000   Number         0  printf_stubs.o ABSOLUTE
    _printf_sizespec                         0x00000000   Number         0  printf_stubs.o ABSOLUTE
    _printf_widthprec                        0x00000000   Number         0  printf_stubs.o ABSOLUTE
    __ARM_exceptions_init                     - Undefined Weak Reference
    __alloca_initialize                       - Undefined Weak Reference
    __arm_preinit_                            - Undefined Weak Reference
    __cpp_initialize__aeabi_                  - Undefined Weak Reference
    __cxa_finalize                            - Undefined Weak Reference
    __sigvec_lookup                           - Undefined Weak Reference
    _atexit_init                              - Undefined Weak Reference
    _call_atexit_fns                          - Undefined Weak Reference
    _clock_init                               - Undefined Weak Reference
    _fp_trap_init                             - Undefined Weak Reference
    _fp_trap_shutdown                         - Undefined Weak Reference
    _get_lc_collate                           - Undefined Weak Reference
    _get_lc_monetary                          - Undefined Weak Reference
    _get_lc_time                              - Undefined Weak Reference
    _getenv_init                              - Undefined Weak Reference
    _handle_redirection                       - Undefined Weak Reference
    _init_alloc                               - Undefined Weak Reference
    _init_user_alloc                          - Undefined Weak Reference
    _initio                                   - Undefined Weak Reference
    _mutex_acquire                            - Undefined Weak Reference
    _mutex_release                            - Undefined Weak Reference
    _printf_mbtowc                            - Undefined Weak Reference
    _printf_post_padding                      - Undefined Weak Reference
    _printf_pre_padding                       - Undefined Weak Reference
    _printf_truncate_signed                   - Undefined Weak Reference
    _printf_truncate_unsigned                 - Undefined Weak Reference
    _rand_init                                - Undefined Weak Reference
    _signal_finish                            - Undefined Weak Reference
    _signal_init                              - Undefined Weak Reference
    _terminate_alloc                          - Undefined Weak Reference
    _terminate_user_alloc                     - Undefined Weak Reference
    _terminateio                              - Undefined Weak Reference
    __Vectors_Size                           0x00000188   Number         0  startup_stm32f407xx.o ABSOLUTE
    __Vectors                                0x08000000   Data           4  startup_stm32f407xx.o(RESET)
    __Vectors_End                            0x08000188   Data           0  startup_stm32f407xx.o(RESET)
    __main                                   0x08000189   Thumb Code     8  __main.o(!!!main)
    __scatterload                            0x08000191   Thumb Code     0  __scatter.o(!!!scatter)
    __scatterload_rt2                        0x08000191   Thumb Code    44  __scatter.o(!!!scatter)
    __scatterload_rt2_thumb_only             0x08000191   Thumb Code     0  __scatter.o(!!!scatter)
    __scatterload_null                       0x0800019f   Thumb Code     0  __scatter.o(!!!scatter)
    __decompress                             0x080001c5   Thumb Code    58  __dczerorl.o(!!dczerorl)
    __decompress0                            0x080001c5   Thumb Code     0  __dczerorl.o(!!dczerorl)
    __scatterload_zeroinit                   0x08000201   Thumb Code    28  __scatter_zi.o(!!handler_zi)
    _printf_f                                0x0800021d   Thumb Code     0  _printf_f.o(.ARM.Collect$$_printf_percent$$00000003)
    _printf_percent                          0x0800021d   Thumb Code     0  _printf_percent.o(.ARM.Collect$$_printf_percent$$00000000)
    _printf_d                                0x08000223   Thumb Code     0  _printf_d.o(.ARM.Collect$$_printf_percent$$00000009)
    _printf_x                                0x08000229   Thumb Code     0  _printf_x.o(.ARM.Collect$$_printf_percent$$0000000C)
    _printf_s                                0x0800022f   Thumb Code     0  _printf_s.o(.ARM.Collect$$_printf_percent$$00000014)
    _printf_percent_end                      0x08000235   Thumb Code     0  _printf_percent_end.o(.ARM.Collect$$_printf_percent$$00000017)
    __rt_lib_init                            0x08000239   Thumb Code     0  libinit.o(.ARM.Collect$$libinit$$00000000)
    __rt_lib_init_fp_1                       0x0800023b   Thumb Code     0  libinit2.o(.ARM.Collect$$libinit$$00000001)
    __rt_lib_init_heap_1                     0x0800023f   Thumb Code     0  libinit2.o(.ARM.Collect$$libinit$$0000000A)
    __rt_lib_init_lc_common                  0x0800023f   Thumb Code     0  libinit2.o(.ARM.Collect$$libinit$$0000000F)
    __rt_lib_init_preinit_1                  0x0800023f   Thumb Code     0  libinit2.o(.ARM.Collect$$libinit$$00000004)
    __rt_lib_init_rand_1                     0x0800023f   Thumb Code     0  libinit2.o(.ARM.Collect$$libinit$$0000000E)
    __rt_lib_init_user_alloc_1               0x0800023f   Thumb Code     0  libinit2.o(.ARM.Collect$$libinit$$0000000C)
    __rt_lib_init_lc_collate_1               0x08000245   Thumb Code     0  libinit2.o(.ARM.Collect$$libinit$$00000011)
    __rt_lib_init_lc_ctype_2                 0x08000245   Thumb Code     0  libinit2.o(.ARM.Collect$$libinit$$00000012)
    __rt_lib_init_lc_ctype_1                 0x08000251   Thumb Code     0  libinit2.o(.ARM.Collect$$libinit$$00000013)
    __rt_lib_init_lc_monetary_1              0x08000251   Thumb Code     0  libinit2.o(.ARM.Collect$$libinit$$00000015)
    __rt_lib_init_lc_numeric_2               0x08000251   Thumb Code     0  libinit2.o(.ARM.Collect$$libinit$$00000016)
    __rt_lib_init_alloca_1                   0x0800025b   Thumb Code     0  libinit2.o(.ARM.Collect$$libinit$$0000002E)
    __rt_lib_init_argv_1                     0x0800025b   Thumb Code     0  libinit2.o(.ARM.Collect$$libinit$$0000002C)
    __rt_lib_init_atexit_1                   0x0800025b   Thumb Code     0  libinit2.o(.ARM.Collect$$libinit$$0000001B)
    __rt_lib_init_clock_1                    0x0800025b   Thumb Code     0  libinit2.o(.ARM.Collect$$libinit$$00000021)
    __rt_lib_init_cpp_1                      0x0800025b   Thumb Code     0  libinit2.o(.ARM.Collect$$libinit$$00000032)
    __rt_lib_init_exceptions_1               0x0800025b   Thumb Code     0  libinit2.o(.ARM.Collect$$libinit$$00000030)
    __rt_lib_init_fp_trap_1                  0x0800025b   Thumb Code     0  libinit2.o(.ARM.Collect$$libinit$$0000001F)
    __rt_lib_init_getenv_1                   0x0800025b   Thumb Code     0  libinit2.o(.ARM.Collect$$libinit$$00000023)
    __rt_lib_init_lc_numeric_1               0x0800025b   Thumb Code     0  libinit2.o(.ARM.Collect$$libinit$$00000017)
    __rt_lib_init_lc_time_1                  0x0800025b   Thumb Code     0  libinit2.o(.ARM.Collect$$libinit$$00000019)
    __rt_lib_init_return                     0x0800025b   Thumb Code     0  libinit2.o(.ARM.Collect$$libinit$$00000033)
    __rt_lib_init_signal_1                   0x0800025b   Thumb Code     0  libinit2.o(.ARM.Collect$$libinit$$0000001D)
    __rt_lib_init_stdio_1                    0x0800025b   Thumb Code     0  libinit2.o(.ARM.Collect$$libinit$$00000025)
    __rt_lib_shutdown                        0x0800025d   Thumb Code     0  libshutdown.o(.ARM.Collect$$libshutdown$$00000000)
    __rt_lib_shutdown_cpp_1                  0x0800025f   Thumb Code     0  libshutdown2.o(.ARM.Collect$$libshutdown$$00000002)
    __rt_lib_shutdown_fp_trap_1              0x0800025f   Thumb Code     0  libshutdown2.o(.ARM.Collect$$libshutdown$$00000007)
    __rt_lib_shutdown_heap_1                 0x0800025f   Thumb Code     0  libshutdown2.o(.ARM.Collect$$libshutdown$$0000000F)
    __rt_lib_shutdown_return                 0x0800025f   Thumb Code     0  libshutdown2.o(.ARM.Collect$$libshutdown$$00000010)
    __rt_lib_shutdown_signal_1               0x0800025f   Thumb Code     0  libshutdown2.o(.ARM.Collect$$libshutdown$$0000000A)
    __rt_lib_shutdown_stdio_1                0x0800025f   Thumb Code     0  libshutdown2.o(.ARM.Collect$$libshutdown$$00000004)
    __rt_lib_shutdown_user_alloc_1           0x0800025f   Thumb Code     0  libshutdown2.o(.ARM.Collect$$libshutdown$$0000000C)
    __rt_entry                               0x08000261   Thumb Code     0  __rtentry.o(.ARM.Collect$$rtentry$$00000000)
    __rt_entry_presh_1                       0x08000261   Thumb Code     0  __rtentry2.o(.ARM.Collect$$rtentry$$00000002)
    __rt_entry_sh                            0x08000261   Thumb Code     0  __rtentry4.o(.ARM.Collect$$rtentry$$00000004)
    __rt_entry_li                            0x08000267   Thumb Code     0  __rtentry2.o(.ARM.Collect$$rtentry$$0000000A)
    __rt_entry_postsh_1                      0x08000267   Thumb Code     0  __rtentry2.o(.ARM.Collect$$rtentry$$00000009)
    __rt_entry_main                          0x0800026b   Thumb Code     0  __rtentry2.o(.ARM.Collect$$rtentry$$0000000D)
    __rt_entry_postli_1                      0x0800026b   Thumb Code     0  __rtentry2.o(.ARM.Collect$$rtentry$$0000000C)
    __rt_exit                                0x08000273   Thumb Code     0  rtexit.o(.ARM.Collect$$rtexit$$00000000)
    __rt_exit_ls                             0x08000275   Thumb Code     0  rtexit2.o(.ARM.Collect$$rtexit$$00000003)
    __rt_exit_prels_1                        0x08000275   Thumb Code     0  rtexit2.o(.ARM.Collect$$rtexit$$00000002)
    __rt_exit_exit                           0x08000279   Thumb Code     0  rtexit2.o(.ARM.Collect$$rtexit$$00000004)
    vPortSVCHandler                          0x08000281   Thumb Code    28  port.o(.emb_text)
    __asm___6_port_c_39a90d8d__prvStartFirstTask 0x080002a1   Thumb Code    28  port.o(.emb_text)
    __asm___6_port_c_39a90d8d__prvEnableVFP  0x080002c1   Thumb Code    16  port.o(.emb_text)
    xPortPendSVHandler                       0x080002d5   Thumb Code    88  port.o(.emb_text)
    vPortGetIPSR                             0x08000331   Thumb Code     6  port.o(.emb_text)
    Reset_Handler                            0x08000339   Thumb Code     8  startup_stm32f407xx.o(.text)
    NMI_Handler                              0x08000341   Thumb Code     2  startup_stm32f407xx.o(.text)
    HardFault_Handler                        0x08000343   Thumb Code     2  startup_stm32f407xx.o(.text)
    MemManage_Handler                        0x08000345   Thumb Code     2  startup_stm32f407xx.o(.text)
    BusFault_Handler                         0x08000347   Thumb Code     2  startup_stm32f407xx.o(.text)
    UsageFault_Handler                       0x08000349   Thumb Code     2  startup_stm32f407xx.o(.text)
    SVC_Handler                              0x0800034b   Thumb Code     2  startup_stm32f407xx.o(.text)
    DebugMon_Handler                         0x0800034d   Thumb Code     2  startup_stm32f407xx.o(.text)
    PendSV_Handler                           0x0800034f   Thumb Code     2  startup_stm32f407xx.o(.text)
    SysTick_Handler                          0x08000351   Thumb Code     2  startup_stm32f407xx.o(.text)
    ADC_IRQHandler                           0x08000353   Thumb Code     0  startup_stm32f407xx.o(.text)
    CAN1_RX0_IRQHandler                      0x08000353   Thumb Code     0  startup_stm32f407xx.o(.text)
    CAN1_RX1_IRQHandler                      0x08000353   Thumb Code     0  startup_stm32f407xx.o(.text)
    CAN1_SCE_IRQHandler                      0x08000353   Thumb Code     0  startup_stm32f407xx.o(.text)
    CAN1_TX_IRQHandler                       0x08000353   Thumb Code     0  startup_stm32f407xx.o(.text)
    CAN2_RX0_IRQHandler                      0x08000353   Thumb Code     0  startup_stm32f407xx.o(.text)
    CAN2_RX1_IRQHandler                      0x08000353   Thumb Code     0  startup_stm32f407xx.o(.text)
    CAN2_SCE_IRQHandler                      0x08000353   Thumb Code     0  startup_stm32f407xx.o(.text)
    CAN2_TX_IRQHandler                       0x08000353   Thumb Code     0  startup_stm32f407xx.o(.text)
    DCMI_IRQHandler                          0x08000353   Thumb Code     0  startup_stm32f407xx.o(.text)
    DMA1_Stream0_IRQHandler                  0x08000353   Thumb Code     0  startup_stm32f407xx.o(.text)
    DMA1_Stream1_IRQHandler                  0x08000353   Thumb Code     0  startup_stm32f407xx.o(.text)
    DMA1_Stream2_IRQHandler                  0x08000353   Thumb Code     0  startup_stm32f407xx.o(.text)
    DMA1_Stream3_IRQHandler                  0x08000353   Thumb Code     0  startup_stm32f407xx.o(.text)
    DMA1_Stream4_IRQHandler                  0x08000353   Thumb Code     0  startup_stm32f407xx.o(.text)
    DMA1_Stream5_IRQHandler                  0x08000353   Thumb Code     0  startup_stm32f407xx.o(.text)
    DMA1_Stream6_IRQHandler                  0x08000353   Thumb Code     0  startup_stm32f407xx.o(.text)
    DMA1_Stream7_IRQHandler                  0x08000353   Thumb Code     0  startup_stm32f407xx.o(.text)
    DMA2_Stream0_IRQHandler                  0x08000353   Thumb Code     0  startup_stm32f407xx.o(.text)
    DMA2_Stream1_IRQHandler                  0x08000353   Thumb Code     0  startup_stm32f407xx.o(.text)
    DMA2_Stream2_IRQHandler                  0x08000353   Thumb Code     0  startup_stm32f407xx.o(.text)
    DMA2_Stream3_IRQHandler                  0x08000353   Thumb Code     0  startup_stm32f407xx.o(.text)
    DMA2_Stream4_IRQHandler                  0x08000353   Thumb Code     0  startup_stm32f407xx.o(.text)
    DMA2_Stream5_IRQHandler                  0x08000353   Thumb Code     0  startup_stm32f407xx.o(.text)
    DMA2_Stream6_IRQHandler                  0x08000353   Thumb Code     0  startup_stm32f407xx.o(.text)
    DMA2_Stream7_IRQHandler                  0x08000353   Thumb Code     0  startup_stm32f407xx.o(.text)
    ETH_IRQHandler                           0x08000353   Thumb Code     0  startup_stm32f407xx.o(.text)
    ETH_WKUP_IRQHandler                      0x08000353   Thumb Code     0  startup_stm32f407xx.o(.text)
    EXTI0_IRQHandler                         0x08000353   Thumb Code     0  startup_stm32f407xx.o(.text)
    EXTI15_10_IRQHandler                     0x08000353   Thumb Code     0  startup_stm32f407xx.o(.text)
    EXTI1_IRQHandler                         0x08000353   Thumb Code     0  startup_stm32f407xx.o(.text)
    EXTI2_IRQHandler                         0x08000353   Thumb Code     0  startup_stm32f407xx.o(.text)
    EXTI3_IRQHandler                         0x08000353   Thumb Code     0  startup_stm32f407xx.o(.text)
    EXTI4_IRQHandler                         0x08000353   Thumb Code     0  startup_stm32f407xx.o(.text)
    EXTI9_5_IRQHandler                       0x08000353   Thumb Code     0  startup_stm32f407xx.o(.text)
    FLASH_IRQHandler                         0x08000353   Thumb Code     0  startup_stm32f407xx.o(.text)
    FMC_IRQHandler                           0x08000353   Thumb Code     0  startup_stm32f407xx.o(.text)
    FPU_IRQHandler                           0x08000353   Thumb Code     0  startup_stm32f407xx.o(.text)
    HASH_RNG_IRQHandler                      0x08000353   Thumb Code     0  startup_stm32f407xx.o(.text)
    I2C1_ER_IRQHandler                       0x08000353   Thumb Code     0  startup_stm32f407xx.o(.text)
    I2C1_EV_IRQHandler                       0x08000353   Thumb Code     0  startup_stm32f407xx.o(.text)
    I2C2_ER_IRQHandler                       0x08000353   Thumb Code     0  startup_stm32f407xx.o(.text)
    I2C2_EV_IRQHandler                       0x08000353   Thumb Code     0  startup_stm32f407xx.o(.text)
    I2C3_ER_IRQHandler                       0x08000353   Thumb Code     0  startup_stm32f407xx.o(.text)
    I2C3_EV_IRQHandler                       0x08000353   Thumb Code     0  startup_stm32f407xx.o(.text)
    OTG_FS_IRQHandler                        0x08000353   Thumb Code     0  startup_stm32f407xx.o(.text)
    OTG_FS_WKUP_IRQHandler                   0x08000353   Thumb Code     0  startup_stm32f407xx.o(.text)
    OTG_HS_EP1_IN_IRQHandler                 0x08000353   Thumb Code     0  startup_stm32f407xx.o(.text)
    OTG_HS_EP1_OUT_IRQHandler                0x08000353   Thumb Code     0  startup_stm32f407xx.o(.text)
    OTG_HS_IRQHandler                        0x08000353   Thumb Code     0  startup_stm32f407xx.o(.text)
    OTG_HS_WKUP_IRQHandler                   0x08000353   Thumb Code     0  startup_stm32f407xx.o(.text)
    PVD_IRQHandler                           0x08000353   Thumb Code     0  startup_stm32f407xx.o(.text)
    RCC_IRQHandler                           0x08000353   Thumb Code     0  startup_stm32f407xx.o(.text)
    RTC_Alarm_IRQHandler                     0x08000353   Thumb Code     0  startup_stm32f407xx.o(.text)
    RTC_WKUP_IRQHandler                      0x08000353   Thumb Code     0  startup_stm32f407xx.o(.text)
    SDIO_IRQHandler                          0x08000353   Thumb Code     0  startup_stm32f407xx.o(.text)
    SPI1_IRQHandler                          0x08000353   Thumb Code     0  startup_stm32f407xx.o(.text)
    SPI2_IRQHandler                          0x08000353   Thumb Code     0  startup_stm32f407xx.o(.text)
    SPI3_IRQHandler                          0x08000353   Thumb Code     0  startup_stm32f407xx.o(.text)
    TAMP_STAMP_IRQHandler                    0x08000353   Thumb Code     0  startup_stm32f407xx.o(.text)
    TIM1_BRK_TIM9_IRQHandler                 0x08000353   Thumb Code     0  startup_stm32f407xx.o(.text)
    TIM1_CC_IRQHandler                       0x08000353   Thumb Code     0  startup_stm32f407xx.o(.text)
    TIM1_TRG_COM_TIM11_IRQHandler            0x08000353   Thumb Code     0  startup_stm32f407xx.o(.text)
    TIM1_UP_TIM10_IRQHandler                 0x08000353   Thumb Code     0  startup_stm32f407xx.o(.text)
    TIM2_IRQHandler                          0x08000353   Thumb Code     0  startup_stm32f407xx.o(.text)
    TIM3_IRQHandler                          0x08000353   Thumb Code     0  startup_stm32f407xx.o(.text)
    TIM4_IRQHandler                          0x08000353   Thumb Code     0  startup_stm32f407xx.o(.text)
    TIM5_IRQHandler                          0x08000353   Thumb Code     0  startup_stm32f407xx.o(.text)
    TIM6_DAC_IRQHandler                      0x08000353   Thumb Code     0  startup_stm32f407xx.o(.text)
    TIM7_IRQHandler                          0x08000353   Thumb Code     0  startup_stm32f407xx.o(.text)
    TIM8_BRK_TIM12_IRQHandler                0x08000353   Thumb Code     0  startup_stm32f407xx.o(.text)
    TIM8_CC_IRQHandler                       0x08000353   Thumb Code     0  startup_stm32f407xx.o(.text)
    TIM8_TRG_COM_TIM14_IRQHandler            0x08000353   Thumb Code     0  startup_stm32f407xx.o(.text)
    TIM8_UP_TIM13_IRQHandler                 0x08000353   Thumb Code     0  startup_stm32f407xx.o(.text)
    UART4_IRQHandler                         0x08000353   Thumb Code     0  startup_stm32f407xx.o(.text)
    UART5_IRQHandler                         0x08000353   Thumb Code     0  startup_stm32f407xx.o(.text)
    USART1_IRQHandler                        0x08000353   Thumb Code     0  startup_stm32f407xx.o(.text)
    USART2_IRQHandler                        0x08000353   Thumb Code     0  startup_stm32f407xx.o(.text)
    USART3_IRQHandler                        0x08000353   Thumb Code     0  startup_stm32f407xx.o(.text)
    USART6_IRQHandler                        0x08000353   Thumb Code     0  startup_stm32f407xx.o(.text)
    WWDG_IRQHandler                          0x08000353   Thumb Code     0  startup_stm32f407xx.o(.text)
    __user_initial_stackheap                 0x08000355   Thumb Code     0  startup_stm32f407xx.o(.text)
    __2printf                                0x08000379   Thumb Code    20  noretval__2printf.o(.text)
    __2sprintf                               0x08000391   Thumb Code    34  noretval__2sprintf.o(.text)
    _printf_str                              0x080003b9   Thumb Code    82  _printf_str.o(.text)
    _printf_int_dec                          0x0800040d   Thumb Code   104  _printf_dec.o(.text)
    _printf_int_hex                          0x08000485   Thumb Code    84  _printf_hex_int.o(.text)
    _printf_longlong_hex                     0x08000485   Thumb Code     0  _printf_hex_int.o(.text)
    __printf                                 0x080004dd   Thumb Code   270  __printf_wp.o(.text)
    strstr                                   0x080005eb   Thumb Code    36  strstr.o(.text)
    strcpy                                   0x0800060f   Thumb Code    72  strcpy.o(.text)
    strlen                                   0x08000657   Thumb Code    62  strlen.o(.text)
    __aeabi_memcpy                           0x08000695   Thumb Code     0  rt_memcpy_v6.o(.text)
    __rt_memcpy                              0x08000695   Thumb Code   138  rt_memcpy_v6.o(.text)
    _memcpy_lastbytes                        0x080006fb   Thumb Code     0  rt_memcpy_v6.o(.text)
    __aeabi_memset                           0x0800071f   Thumb Code    16  aeabi_memset.o(.text)
    strcmp                                   0x08000731   Thumb Code   128  strcmpv7m.o(.text)
    __use_two_region_memory                  0x080007b1   Thumb Code     2  heapauxi.o(.text)
    __rt_heap_escrow$2region                 0x080007b3   Thumb Code     2  heapauxi.o(.text)
    __rt_heap_expand$2region                 0x080007b5   Thumb Code     2  heapauxi.o(.text)
    __rt_ctype_table                         0x080007b9   Thumb Code    16  rt_ctype_table.o(.text)
    __aeabi_errno_addr                       0x080007c9   Thumb Code     8  rt_errno_addr_intlibspace.o(.text)
    __errno$intlibspace                      0x080007c9   Thumb Code     0  rt_errno_addr_intlibspace.o(.text)
    __rt_errno_addr$intlibspace              0x080007c9   Thumb Code     0  rt_errno_addr_intlibspace.o(.text)
    _printf_int_common                       0x080007d1   Thumb Code   178  _printf_intcommon.o(.text)
    __lib_sel_fp_printf                      0x08000883   Thumb Code     2  _printf_fp_dec.o(.text)
    _printf_fp_dec_real                      0x08000a31   Thumb Code   620  _printf_fp_dec.o(.text)
    _printf_char_common                      0x08000ca7   Thumb Code    32  _printf_char_common.o(.text)
    _sputc                                   0x08000ccd   Thumb Code    10  _sputc.o(.text)
    _printf_cs_common                        0x08000cd7   Thumb Code    20  _printf_char.o(.text)
    _printf_char                             0x08000ceb   Thumb Code    16  _printf_char.o(.text)
    _printf_string                           0x08000cfb   Thumb Code     8  _printf_char.o(.text)
    _printf_char_file                        0x08000d05   Thumb Code    32  _printf_char_file.o(.text)
    __strtod_int                             0x08000d65   Thumb Code    90  strtod.o(.text)
    __aeabi_memcpy4                          0x08000dcd   Thumb Code     0  rt_memcpy_w.o(.text)
    __aeabi_memcpy8                          0x08000dcd   Thumb Code     0  rt_memcpy_w.o(.text)
    __rt_memcpy_w                            0x08000dcd   Thumb Code   100  rt_memcpy_w.o(.text)
    _memcpy_lastbytes_aligned                0x08000e15   Thumb Code     0  rt_memcpy_w.o(.text)
    __aeabi_memclr                           0x08000e31   Thumb Code     0  rt_memclr.o(.text)
    __rt_memclr                              0x08000e31   Thumb Code    68  rt_memclr.o(.text)
    _memset                                  0x08000e35   Thumb Code     0  rt_memclr.o(.text)
    __user_libspace                          0x08000e75   Thumb Code     8  libspace.o(.text)
    __user_perproc_libspace                  0x08000e75   Thumb Code     0  libspace.o(.text)
    __user_perthread_libspace                0x08000e75   Thumb Code     0  libspace.o(.text)
    __rt_locale                              0x08000e7d   Thumb Code     8  rt_locale_intlibspace.o(.text)
    _ll_udiv10                               0x08000e85   Thumb Code   138  lludiv10.o(.text)
    isspace                                  0x08000f0f   Thumb Code    18  isspace.o(.text)
    _printf_fp_infnan                        0x08000f21   Thumb Code   112  _printf_fp_infnan.o(.text)
    _chval                                   0x08000fa1   Thumb Code    28  _chval.o(.text)
    _sgetc                                   0x08000fbd   Thumb Code    30  _sgetc.o(.text)
    _sbackspace                              0x08000fdb   Thumb Code    34  _sgetc.o(.text)
    _btod_etento                             0x08000ffd   Thumb Code   216  bigflt0.o(.text)
    ferror                                   0x080010d9   Thumb Code     8  ferror.o(.text)
    __aeabi_memclr4                          0x080010e1   Thumb Code     0  rt_memclr_w.o(.text)
    __aeabi_memclr8                          0x080010e1   Thumb Code     0  rt_memclr_w.o(.text)
    __rt_memclr_w                            0x080010e1   Thumb Code    78  rt_memclr_w.o(.text)
    _memset_w                                0x080010e5   Thumb Code     0  rt_memclr_w.o(.text)
    __user_setup_stackheap                   0x0800112f   Thumb Code    74  sys_stackheap_outer.o(.text)
    _scanf_really_real                       0x08001375   Thumb Code   668  scanf_fp.o(.text)
    exit                                     0x0800161d   Thumb Code    18  exit.o(.text)
    __read_errno                             0x0800162f   Thumb Code    10  _rserrno.o(.text)
    __set_errno                              0x08001639   Thumb Code    12  _rserrno.o(.text)
    _scanf_really_hex_real                   0x08001645   Thumb Code   786  scanf_hexfp.o(.text)
    _scanf_really_infnan                     0x08001965   Thumb Code   292  scanf_infnan.o(.text)
    _sys_exit                                0x08001a99   Thumb Code     8  sys_exit.o(.text)
    __aeabi_llsl                             0x08001aa5   Thumb Code     0  llshl.o(.text)
    _ll_shift_l                              0x08001aa5   Thumb Code    38  llshl.o(.text)
    __I$use$semihosting                      0x08001acb   Thumb Code     0  use_no_semi.o(.text)
    __use_no_semihosting_swi                 0x08001acb   Thumb Code     2  use_no_semi.o(.text)
    __semihosting_library_function           0x08001acd   Thumb Code     0  indicate_semi.o(.text)
    _btod_d2e                                0x08001acd   Thumb Code    62  btod.o(CL$$btod_d2e)
    _d2e_denorm_low                          0x08001b0b   Thumb Code    70  btod.o(CL$$btod_d2e_denorm_low)
    _d2e_norm_op1                            0x08001b51   Thumb Code    96  btod.o(CL$$btod_d2e_norm_op1)
    __btod_div_common                        0x08001bb1   Thumb Code   696  btod.o(CL$$btod_div_common)
    _e2d                                     0x08001ee9   Thumb Code    80  btod.o(CL$$btod_e2d)
    _e2e                                     0x08001f3d   Thumb Code   198  btod.o(CL$$btod_e2e)
    _btod_ediv                               0x08002003   Thumb Code    40  btod.o(CL$$btod_ediv)
    _btod_edivd                              0x0800202b   Thumb Code    40  btod.o(CL$$btod_edivd)
    _btod_emul                               0x08002053   Thumb Code    40  btod.o(CL$$btod_emul)
    _btod_emuld                              0x0800207b   Thumb Code    40  btod.o(CL$$btod_emuld)
    __btod_mult_common                       0x080020a3   Thumb Code   580  btod.o(CL$$btod_mult_common)
    GPIO_Init                                0x080022e7   Thumb Code   144  stm32f4xx_gpio.o(i.GPIO_Init)
    GPIO_ReadInputDataBit                    0x08002377   Thumb Code    18  stm32f4xx_gpio.o(i.GPIO_ReadInputDataBit)
    GPIO_ResetBits                           0x08002389   Thumb Code     4  stm32f4xx_gpio.o(i.GPIO_ResetBits)
    GPIO_SetBits                             0x0800238d   Thumb Code     4  stm32f4xx_gpio.o(i.GPIO_SetBits)
    GPIO_StructInit                          0x08002391   Thumb Code    18  stm32f4xx_gpio.o(i.GPIO_StructInit)
    GPIO_ToggleBits                          0x080023a3   Thumb Code     8  stm32f4xx_gpio.o(i.GPIO_ToggleBits)
    GPIO_WriteBit                            0x080023ab   Thumb Code    10  stm32f4xx_gpio.o(i.GPIO_WriteBit)
    PWR_BackupAccessCmd                      0x080023b5   Thumb Code     6  stm32f4xx_pwr.o(i.PWR_BackupAccessCmd)
    RCC_AHB1PeriphClockCmd                   0x080023c1   Thumb Code    26  stm32f4xx_rcc.o(i.RCC_AHB1PeriphClockCmd)
    RCC_APB1PeriphClockCmd                   0x080023e1   Thumb Code    26  stm32f4xx_rcc.o(i.RCC_APB1PeriphClockCmd)
    RCC_BackupResetCmd                       0x08002401   Thumb Code     6  stm32f4xx_rcc.o(i.RCC_BackupResetCmd)
    RCC_GetFlagStatus                        0x0800240d   Thumb Code    60  stm32f4xx_rcc.o(i.RCC_GetFlagStatus)
    RCC_LSICmd                               0x0800244d   Thumb Code     6  stm32f4xx_rcc.o(i.RCC_LSICmd)
    RCC_RTCCLKCmd                            0x08002459   Thumb Code     6  stm32f4xx_rcc.o(i.RCC_RTCCLKCmd)
    RCC_RTCCLKConfig                         0x08002465   Thumb Code    50  stm32f4xx_rcc.o(i.RCC_RTCCLKConfig)
    RTC_EnterInitMode                        0x080024d5   Thumb Code    76  stm32f4xx_rtc.o(i.RTC_EnterInitMode)
    RTC_ExitInitMode                         0x08002525   Thumb Code    14  stm32f4xx_rtc.o(i.RTC_ExitInitMode)
    RTC_GetTime                              0x08002539   Thumb Code    72  stm32f4xx_rtc.o(i.RTC_GetTime)
    RTC_Init                                 0x08002589   Thumb Code    94  stm32f4xx_rtc.o(i.RTC_Init)
    RTC_SetTime                              0x080025ed   Thumb Code   184  stm32f4xx_rtc.o(i.RTC_SetTime)
    RTC_WaitForSynchro                       0x080026ad   Thumb Code    92  stm32f4xx_rtc.o(i.RTC_WaitForSynchro)
    SPI2_ReadWrite                           0x0800270d   Thumb Code   184  enc28j60.o(i.SPI2_ReadWrite)
    SystemInit                               0x080028b9   Thumb Code    88  system_stm32f4xx.o(i.SystemInit)
    __ARM_fpclassify                         0x08002921   Thumb Code    48  fpclassify.o(i.__ARM_fpclassify)
    __hardfp_ldexp                           0x08002951   Thumb Code   200  ldexp.o(i.__hardfp_ldexp)
    __hardfp_strtod                          0x08002a21   Thumb Code    30  strtod.o(i.__hardfp_strtod)
    __mathlib_dbl_overflow                   0x08002a49   Thumb Code    24  dunder.o(i.__mathlib_dbl_overflow)
    __mathlib_dbl_underflow                  0x08002a69   Thumb Code    24  dunder.o(i.__mathlib_dbl_underflow)
    __mathlib_narrow                         0x08002a89   Thumb Code   166  narrow.o(i.__mathlib_narrow)
    __support_ldexp                          0x08002b41   Thumb Code    20  ldexp.o(i.__support_ldexp)
    _is_digit                                0x08002b55   Thumb Code    14  __printf_wp.o(i._is_digit)
    blinky                                   0x08002b65   Thumb Code    50  main.o(i.blinky)
    clock_time                               0x08002d15   Thumb Code     6  clock-arch.o(i.clock_time)
    data_polling_task                        0x08002d21   Thumb Code   428  main.o(i.data_polling_task)
    enc28j60Init                             0x08002fd3   Thumb Code   302  enc28j60.o(i.enc28j60Init)
    enc28j60PacketReceive                    0x08003101   Thumb Code   184  enc28j60.o(i.enc28j60PacketReceive)
    enc28j60PacketSend                       0x080031bd   Thumb Code   102  enc28j60.o(i.enc28j60PacketSend)
    enc28j60PhyWrite                         0x08003225   Thumb Code    58  enc28j60.o(i.enc28j60PhyWrite)
    enc28j60Read                             0x08003265   Thumb Code    20  enc28j60.o(i.enc28j60Read)
    enc28j60ReadBuffer                       0x08003279   Thumb Code    52  enc28j60.o(i.enc28j60ReadBuffer)
    enc28j60ReadOp                           0x080032b1   Thumb Code    76  enc28j60.o(i.enc28j60ReadOp)
    enc28j60SetBank                          0x08003301   Thumb Code    48  enc28j60.o(i.enc28j60SetBank)
    enc28j60Write                            0x08003335   Thumb Code    24  enc28j60.o(i.enc28j60Write)
    enc28j60WriteBuffer                      0x0800334d   Thumb Code    46  enc28j60.o(i.enc28j60WriteBuffer)
    enc28j60WriteOp                          0x08003381   Thumb Code    66  enc28j60.o(i.enc28j60WriteOp)
    fputc                                    0x080033c9   Thumb Code    60  main.o(i.fputc)
    frexp                                    0x08003411   Thumb Code   118  frexp.o(i.frexp)
    gpio_init                                0x0800349d   Thumb Code    60  main.o(i.gpio_init)
    htons                                    0x080034dd   Thumb Code    12  uip.o(i.htons)
    main                                     0x080034e9   Thumb Code   296  main.o(i.main)
    pvPortMalloc                             0x08003bad   Thumb Code   188  heap_4.o(i.pvPortMalloc)
    pxPortInitialiseStack                    0x08003c7d   Thumb Code    38  port.o(i.pxPortInitialiseStack)
    resolv_appcall                           0x08003ca9   Thumb Code    44  resolv.o(i.resolv_appcall)
    resolv_conf                              0x08003cdd   Thumb Code    34  resolv.o(i.resolv_conf)
    resolv_found                             0x08003d05   Thumb Code   110  main.o(i.resolv_found)
    resolv_init                              0x08003de5   Thumb Code    48  resolv.o(i.resolv_init)
    resolv_lookup                            0x08003e1d   Thumb Code    74  resolv.o(i.resolv_lookup)
    resolv_query                             0x08003e71   Thumb Code   164  resolv.o(i.resolv_query)
    rtc_init                                 0x08003f29   Thumb Code   104  main.o(i.rtc_init)
    spi_init                                 0x08003f95   Thumb Code   128  main.o(i.spi_init)
    tapdev_init                              0x0800401d   Thumb Code    28  tapdev.o(i.tapdev_init)
    tapdev_read                              0x08004041   Thumb Code    18  tapdev.o(i.tapdev_read)
    tapdev_send                              0x08004053   Thumb Code    16  tapdev.o(i.tapdev_send)
    tcp_appcall                              0x08004065   Thumb Code  1300  tcp-demo.o(i.tcp_appcall)
    timer_expired                            0x08004579   Thumb Code    26  timer.o(i.timer_expired)
    timer_reset                              0x08004593   Thumb Code    10  timer.o(i.timer_reset)
    timer_set                                0x0800459d   Thumb Code    16  timer.o(i.timer_set)
    uip_add32                                0x080045ad   Thumb Code   106  uip.o(i.uip_add32)
    uip_arp_arpin                            0x08004661   Thumb Code   216  uip_arp.o(i.uip_arp_arpin)
    uip_arp_init                             0x08004749   Thumb Code    46  uip_arp.o(i.uip_arp_init)
    uip_arp_out                              0x08004781   Thumb Code   366  uip_arp.o(i.uip_arp_out)
    uip_arp_timer                            0x08004921   Thumb Code    76  uip_arp.o(i.uip_arp_timer)
    uip_connect                              0x08004a9d   Thumb Code   254  uip.o(i.uip_connect)
    uip_init                                 0x08004bad   Thumb Code   132  uip.o(i.uip_init)
    uip_ipchksum                             0x08004c45   Thumb Code    30  uip.o(i.uip_ipchksum)
    uip_log                                  0x08004c69   Thumb Code    14  main.o(i.uip_log)
    uip_polling                              0x08004c7d   Thumb Code   290  main.o(i.uip_polling)
    uip_polling_task                         0x08004dc5   Thumb Code    14  main.o(i.uip_polling_task)
    uip_process                              0x08004dd5   Thumb Code  4604  uip.o(i.uip_process)
    uip_send                                 0x08005fd1   Thumb Code    38  uip.o(i.uip_send)
    uip_tcpchksum                            0x08006001   Thumb Code    10  uip.o(i.uip_tcpchksum)
    uip_tick_task                            0x0800600d   Thumb Code    20  main.o(i.uip_tick_task)
    uip_udp_new                              0x08006025   Thumb Code   194  uip.o(i.uip_udp_new)
    uip_udpchksum                            0x080060f5   Thumb Code    10  uip.o(i.uip_udpchksum)
    uiplib_ipaddrconv                        0x080060ff   Thumb Code    94  uiplib.o(i.uiplib_ipaddrconv)
    uxListRemove                             0x080061a5   Thumb Code    40  list.o(i.uxListRemove)
    vListInitialise                          0x080061cd   Thumb Code    26  list.o(i.vListInitialise)
    vListInitialiseItem                      0x080061e7   Thumb Code     6  list.o(i.vListInitialiseItem)
    vListInsert                              0x080061ed   Thumb Code    52  list.o(i.vListInsert)
    vListInsertEnd                           0x08006221   Thumb Code    24  list.o(i.vListInsertEnd)
    vPortEnterCritical                       0x08006239   Thumb Code    30  port.o(i.vPortEnterCritical)
    vPortExitCritical                        0x0800625d   Thumb Code    28  port.o(i.vPortExitCritical)
    vPortFree                                0x0800627d   Thumb Code    64  heap_4.o(i.vPortFree)
    vPortSetupTimerInterrupt                 0x080062c5   Thumb Code    26  port.o(i.vPortSetupTimerInterrupt)
    vTaskDelay                               0x080062e5   Thumb Code    46  tasks.o(i.vTaskDelay)
    vTaskSetTimeOutState                     0x08006319   Thumb Code    14  tasks.o(i.vTaskSetTimeOutState)
    vTaskStartScheduler                      0x08006331   Thumb Code    72  tasks.o(i.vTaskStartScheduler)
    vTaskSuspendAll                          0x08006395   Thumb Code    12  tasks.o(i.vTaskSuspendAll)
    vTaskSwitchContext                       0x080063a5   Thumb Code    76  tasks.o(i.vTaskSwitchContext)
    xPortStartScheduler                      0x08006405   Thumb Code    58  port.o(i.xPortStartScheduler)
    xPortSysTickHandler                      0x0800644d   Thumb Code    46  port.o(i.xPortSysTickHandler)
    xTaskCheckForTimeOut                     0x08006481   Thumb Code    84  tasks.o(i.xTaskCheckForTimeOut)
    xTaskCreate                              0x080064dd   Thumb Code    96  tasks.o(i.xTaskCreate)
    xTaskIncrementTick                       0x0800653d   Thumb Code   238  tasks.o(i.xTaskIncrementTick)
    xTaskResumeAll                           0x08006659   Thumb Code   196  tasks.o(i.xTaskResumeAll)
    _get_lc_ctype                            0x08006741   Thumb Code    44  lc_ctype_c.o(locale$$code)
    _get_lc_numeric                          0x0800676d   Thumb Code    44  lc_numeric_c.o(locale$$code)
    __aeabi_d2f                              0x08006799   Thumb Code     0  d2f.o(x$fpl$d2f)
    _d2f                                     0x08006799   Thumb Code    98  d2f.o(x$fpl$d2f)
    __fpl_dcheck_NaN1                        0x080067fd   Thumb Code    10  dcheck1.o(x$fpl$dcheck1)
    __fpl_dcmp_Inf                           0x0800680d   Thumb Code    24  dcmpi.o(x$fpl$dcmpinf)
    __aeabi_cdcmpeq                          0x08006825   Thumb Code     0  deqf.o(x$fpl$deqf)
    _dcmpeq                                  0x08006825   Thumb Code   120  deqf.o(x$fpl$deqf)
    __aeabi_cdcmple                          0x0800689d   Thumb Code     0  dleqf.o(x$fpl$dleqf)
    _dcmple                                  0x0800689d   Thumb Code   120  dleqf.o(x$fpl$dleqf)
    __fpl_dcmple_InfNaN                      0x080068ff   Thumb Code     0  dleqf.o(x$fpl$dleqf)
    __aeabi_dmul                             0x08006915   Thumb Code     0  dmul.o(x$fpl$dmul)
    _dmul                                    0x08006915   Thumb Code   332  dmul.o(x$fpl$dmul)
    __fpl_dnaninf                            0x08006a69   Thumb Code   156  dnaninf.o(x$fpl$dnaninf)
    __fpl_dretinf                            0x08006b05   Thumb Code    12  dretinf.o(x$fpl$dretinf)
    __aeabi_cdrcmple                         0x08006b11   Thumb Code     0  drleqf.o(x$fpl$drleqf)
    _drcmple                                 0x08006b11   Thumb Code   108  drleqf.o(x$fpl$drleqf)
    __aeabi_f2d                              0x08006b7d   Thumb Code     0  f2d.o(x$fpl$f2d)
    _f2d                                     0x08006b7d   Thumb Code    86  f2d.o(x$fpl$f2d)
    __fpl_fnaninf                            0x08006bd3   Thumb Code   140  fnaninf.o(x$fpl$fnaninf)
    _fp_init                                 0x08006c5f   Thumb Code    10  fpinit.o(x$fpl$fpinit)
    __fplib_config_fpu_vfp                   0x08006c67   Thumb Code     0  fpinit.o(x$fpl$fpinit)
    __fplib_config_pureend_doubles           0x08006c67   Thumb Code     0  fpinit.o(x$fpl$fpinit)
    __fpl_fretinf                            0x08006c69   Thumb Code    10  fretinf.o(x$fpl$fretinf)
    _printf_fp_dec                           0x08006c73   Thumb Code     4  printf1.o(x$fpl$printf1)
    __fpl_return_NaN                         0x08006c77   Thumb Code   100  retnan.o(x$fpl$retnan)
    __ARM_scalbn                             0x08006cdb   Thumb Code    92  scalbn.o(x$fpl$scalbn)
    _scanf_real                              0x08006d37   Thumb Code     4  scanf1.o(x$fpl$scanf1)
    _scanf_hex_real                          0x08006d3b   Thumb Code     4  scanf2.o(x$fpl$scanf2)
    _scanf_infnan                            0x08006d3f   Thumb Code     4  scanf2.o(x$fpl$scanf2)
    __fpl_cmpreturn                          0x08006d43   Thumb Code    48  trapv.o(x$fpl$trapveneer)
    __I$use$fp                               0x08006d72   Number         0  usenofp.o(x$fpl$usenofp)
    get_request_openweathermap_1             0x08006d84   Data          32  tcp-demo.o(.constdata)
    get_request_openweathermap_2             0x08006da4   Data           6  tcp-demo.o(.constdata)
    get_request_openweathermap_3             0x08006daa   Data          86  tcp-demo.o(.constdata)
    get_request_binglatlonmap                0x08006e00   Data         143  tcp-demo.o(.constdata)
    get_request_bingelemap                   0x08006e8f   Data         180  tcp-demo.o(.constdata)
    get_request_bingelevationmap             0x08006f43   Data           1  tcp-demo.o(.constdata)
    http_ok_str                              0x08006f44   Data          18  tcp-demo.o(.constdata)
    content_length_str                       0x08006f56   Data          17  tcp-demo.o(.constdata)
    http_header_end_str                      0x08006f67   Data           5  tcp-demo.o(.constdata)
    temp_str                                 0x08006f6c   Data           8  tcp-demo.o(.constdata)
    pressure_str                             0x08006f74   Data          12  tcp-demo.o(.constdata)
    humidity_str                             0x08006f80   Data          12  tcp-demo.o(.constdata)
    wind_speed_str                           0x08006f8c   Data           9  tcp-demo.o(.constdata)
    wind_deg_str                             0x08006f95   Data           7  tcp-demo.o(.constdata)
    coordinates_str                          0x08006f9c   Data          16  tcp-demo.o(.constdata)
    elevation_str                            0x08006fac   Data          15  tcp-demo.o(.constdata)
    Region$$Table$$Base                      0x080070c4   Number         0  anon$$obj.o(Region$$Table)
    Region$$Table$$Limit                     0x080070e4   Number         0  anon$$obj.o(Region$$Table)
    __aeabi_HUGE_VAL                         0x080070e4   Data           0  fpconst.o(c$$dinf)
    __aeabi_HUGE_VALL                        0x080070e4   Data           0  fpconst.o(c$$dinf)
    __aeabi_INFINITY                         0x080070e4   Data           0  fpconst.o(c$$dinf)
    __dInf                                   0x080070e4   Data           0  fpconst.o(c$$dinf)
    __huge_val                               0x080070e4   Data           0  fpconst.o(c$$dinf)
    __ctype                                  0x080070f9   Data           0  lc_ctype_c.o(locale$$data)
    host_openweather_found                   0x20000000   Data           1  main.o(.data)
    host_bingmap_found                       0x20000001   Data           1  main.o(.data)
    __stdout                                 0x20000004   Data           4  main.o(.data)
    RTC_TimeStructure                        0x20000008   Data           4  main.o(.data)
    g_RunTime                                0x20000020   Data           4  main.o(.data)
    msk                                      0x2000002c   Data           8  enc28j60.o(.data)
    temp                                     0x20000034   Data           1  enc28j60.o(.data)
    rev                                      0x20000035   Data           1  enc28j60.o(.data)
    uip_hostaddr                             0x20000038   Data           4  uip.o(.data)
    uip_draddr                               0x2000003c   Data           4  uip.o(.data)
    uip_netmask                              0x20000040   Data           4  uip.o(.data)
    uip_ethaddr                              0x20000044   Data           6  uip.o(.data)
    uip_appdata                              0x2000004c   Data           4  uip.o(.data)
    uip_sappdata                             0x20000050   Data           4  uip.o(.data)
    uip_len                                  0x20000054   Data           2  uip.o(.data)
    uip_slen                                 0x20000056   Data           2  uip.o(.data)
    uip_flags                                0x20000058   Data           1  uip.o(.data)
    uip_conn                                 0x2000005c   Data           4  uip.o(.data)
    uip_udp_conn                             0x20000060   Data           4  uip.o(.data)
    uip_acc32                                0x2000006c   Data           4  uip.o(.data)
    mymac                                    0x20000093   Data           6  tapdev.o(.data)
    content_length                           0x200000a0   Data           4  tcp-demo.o(.data)
    pointer                                  0x200000a4   Data           4  tcp-demo.o(.data)
    http_state                               0x200000a8   Data           1  tcp-demo.o(.data)
    longitude                                0x200000b0   Data           8  tcp-demo.o(.data)
    latitude                                 0x200000b8   Data           8  tcp-demo.o(.data)
    elevation                                0x200000c0   Data           8  tcp-demo.o(.data)
    temperature                              0x200000c8   Data           8  tcp-demo.o(.data)
    pressure                                 0x200000d0   Data           8  tcp-demo.o(.data)
    humidity                                 0x200000d8   Data           8  tcp-demo.o(.data)
    wind_speed                               0x200000e0   Data           8  tcp-demo.o(.data)
    wind_deg                                 0x200000e8   Data           8  tcp-demo.o(.data)
    server_openweather_connected             0x200000f0   Data           1  tcp-demo.o(.data)
    server_bingmap_connected                 0x200000f1   Data           1  tcp-demo.o(.data)
    pxCurrentTCB                             0x200000f8   Data           4  tasks.o(.data)
    SystemCoreClock                          0x20000150   Data           4  system_stm32f4xx.o(.data)
    uip_buf                                  0x20000154   Data        2050  uip.o(.bss)
    uip_conns                                0x20000958   Data         200  uip.o(.bss)
    uip_listenports                          0x20000a20   Data          10  uip.o(.bss)
    uip_udp_conns                            0x20000a2c   Data         160  uip.o(.bss)
    uip_stat                                 0x20000acc   Data          52  uip.o(.bss)
    get_request                              0x20000c08   Data         400  tcp-demo.o(.bss)
    __libspace_start                         0x20003660   Data          96  libspace.o(.bss)
    __temporary_stack_top$libspace           0x200036c0   Data           0  libspace.o(.bss)



==============================================================================

Memory Map of the image

  Image Entry point : 0x08000189

  Load Region LR_IROM1 (Base: 0x08000000, Size: 0x0000736c, Max: 0x00100000, ABSOLUTE, COMPRESSED[0x00007250])

    Execution Region ER_IROM1 (Base: 0x08000000, Size: 0x00007218, Max: 0x00100000, ABSOLUTE)

    Base Addr    Size         Type   Attr      Idx    E Section Name        Object

    0x08000000   0x00000188   Data   RO         2350    RESET               startup_stm32f407xx.o
    0x08000188   0x00000008   Code   RO         2467  * !!!main             c_w.l(__main.o)
    0x08000190   0x00000034   Code   RO         2827    !!!scatter          c_w.l(__scatter.o)
    0x080001c4   0x0000003a   Code   RO         2825    !!dczerorl          c_w.l(__dczerorl.o)
    0x080001fe   0x00000002   PAD
    0x08000200   0x0000001c   Code   RO         2829    !!handler_zi        c_w.l(__scatter_zi.o)
    0x0800021c   0x00000000   Code   RO         2450    .ARM.Collect$$_printf_percent$$00000000  c_w.l(_printf_percent.o)
    0x0800021c   0x00000006   Code   RO         2449    .ARM.Collect$$_printf_percent$$00000003  c_w.l(_printf_f.o)
    0x08000222   0x00000006   Code   RO         2448    .ARM.Collect$$_printf_percent$$00000009  c_w.l(_printf_d.o)
    0x08000228   0x00000006   Code   RO         2447    .ARM.Collect$$_printf_percent$$0000000C  c_w.l(_printf_x.o)
    0x0800022e   0x00000006   Code   RO         2446    .ARM.Collect$$_printf_percent$$00000014  c_w.l(_printf_s.o)
    0x08000234   0x00000004   Code   RO         2501    .ARM.Collect$$_printf_percent$$00000017  c_w.l(_printf_percent_end.o)
    0x08000238   0x00000002   Code   RO         2608    .ARM.Collect$$libinit$$00000000  c_w.l(libinit.o)
    0x0800023a   0x00000004   Code   RO         2609    .ARM.Collect$$libinit$$00000001  c_w.l(libinit2.o)
    0x0800023e   0x00000000   Code   RO         2612    .ARM.Collect$$libinit$$00000004  c_w.l(libinit2.o)
    0x0800023e   0x00000000   Code   RO         2615    .ARM.Collect$$libinit$$0000000A  c_w.l(libinit2.o)
    0x0800023e   0x00000000   Code   RO         2617    .ARM.Collect$$libinit$$0000000C  c_w.l(libinit2.o)
    0x0800023e   0x00000000   Code   RO         2619    .ARM.Collect$$libinit$$0000000E  c_w.l(libinit2.o)
    0x0800023e   0x00000006   Code   RO         2620    .ARM.Collect$$libinit$$0000000F  c_w.l(libinit2.o)
    0x08000244   0x00000000   Code   RO         2622    .ARM.Collect$$libinit$$00000011  c_w.l(libinit2.o)
    0x08000244   0x0000000c   Code   RO         2623    .ARM.Collect$$libinit$$00000012  c_w.l(libinit2.o)
    0x08000250   0x00000000   Code   RO         2624    .ARM.Collect$$libinit$$00000013  c_w.l(libinit2.o)
    0x08000250   0x00000000   Code   RO         2626    .ARM.Collect$$libinit$$00000015  c_w.l(libinit2.o)
    0x08000250   0x0000000a   Code   RO         2627    .ARM.Collect$$libinit$$00000016  c_w.l(libinit2.o)
    0x0800025a   0x00000000   Code   RO         2628    .ARM.Collect$$libinit$$00000017  c_w.l(libinit2.o)
    0x0800025a   0x00000000   Code   RO         2630    .ARM.Collect$$libinit$$00000019  c_w.l(libinit2.o)
    0x0800025a   0x00000000   Code   RO         2632    .ARM.Collect$$libinit$$0000001B  c_w.l(libinit2.o)
    0x0800025a   0x00000000   Code   RO         2634    .ARM.Collect$$libinit$$0000001D  c_w.l(libinit2.o)
    0x0800025a   0x00000000   Code   RO         2636    .ARM.Collect$$libinit$$0000001F  c_w.l(libinit2.o)
    0x0800025a   0x00000000   Code   RO         2638    .ARM.Collect$$libinit$$00000021  c_w.l(libinit2.o)
    0x0800025a   0x00000000   Code   RO         2640    .ARM.Collect$$libinit$$00000023  c_w.l(libinit2.o)
    0x0800025a   0x00000000   Code   RO         2642    .ARM.Collect$$libinit$$00000025  c_w.l(libinit2.o)
    0x0800025a   0x00000000   Code   RO         2646    .ARM.Collect$$libinit$$0000002C  c_w.l(libinit2.o)
    0x0800025a   0x00000000   Code   RO         2648    .ARM.Collect$$libinit$$0000002E  c_w.l(libinit2.o)
    0x0800025a   0x00000000   Code   RO         2650    .ARM.Collect$$libinit$$00000030  c_w.l(libinit2.o)
    0x0800025a   0x00000000   Code   RO         2652    .ARM.Collect$$libinit$$00000032  c_w.l(libinit2.o)
    0x0800025a   0x00000002   Code   RO         2653    .ARM.Collect$$libinit$$00000033  c_w.l(libinit2.o)
    0x0800025c   0x00000002   Code   RO         2718    .ARM.Collect$$libshutdown$$00000000  c_w.l(libshutdown.o)
    0x0800025e   0x00000000   Code   RO         2751    .ARM.Collect$$libshutdown$$00000002  c_w.l(libshutdown2.o)
    0x0800025e   0x00000000   Code   RO         2753    .ARM.Collect$$libshutdown$$00000004  c_w.l(libshutdown2.o)
    0x0800025e   0x00000000   Code   RO         2756    .ARM.Collect$$libshutdown$$00000007  c_w.l(libshutdown2.o)
    0x0800025e   0x00000000   Code   RO         2759    .ARM.Collect$$libshutdown$$0000000A  c_w.l(libshutdown2.o)
    0x0800025e   0x00000000   Code   RO         2761    .ARM.Collect$$libshutdown$$0000000C  c_w.l(libshutdown2.o)
    0x0800025e   0x00000000   Code   RO         2764    .ARM.Collect$$libshutdown$$0000000F  c_w.l(libshutdown2.o)
    0x0800025e   0x00000002   Code   RO         2765    .ARM.Collect$$libshutdown$$00000010  c_w.l(libshutdown2.o)
    0x08000260   0x00000000   Code   RO         2481    .ARM.Collect$$rtentry$$00000000  c_w.l(__rtentry.o)
    0x08000260   0x00000000   Code   RO         2523    .ARM.Collect$$rtentry$$00000002  c_w.l(__rtentry2.o)
    0x08000260   0x00000006   Code   RO         2535    .ARM.Collect$$rtentry$$00000004  c_w.l(__rtentry4.o)
    0x08000266   0x00000000   Code   RO         2525    .ARM.Collect$$rtentry$$00000009  c_w.l(__rtentry2.o)
    0x08000266   0x00000004   Code   RO         2526    .ARM.Collect$$rtentry$$0000000A  c_w.l(__rtentry2.o)
    0x0800026a   0x00000000   Code   RO         2528    .ARM.Collect$$rtentry$$0000000C  c_w.l(__rtentry2.o)
    0x0800026a   0x00000008   Code   RO         2529    .ARM.Collect$$rtentry$$0000000D  c_w.l(__rtentry2.o)
    0x08000272   0x00000002   Code   RO         2654    .ARM.Collect$$rtexit$$00000000  c_w.l(rtexit.o)
    0x08000274   0x00000000   Code   RO         2678    .ARM.Collect$$rtexit$$00000002  c_w.l(rtexit2.o)
    0x08000274   0x00000004   Code   RO         2679    .ARM.Collect$$rtexit$$00000003  c_w.l(rtexit2.o)
    0x08000278   0x00000006   Code   RO         2680    .ARM.Collect$$rtexit$$00000004  c_w.l(rtexit2.o)
    0x0800027e   0x00000002   PAD
    0x08000280   0x000000b6   Code   RO         1435    .emb_text           port.o
    0x08000336   0x00000002   PAD
    0x08000338   0x00000040   Code   RO         2351    .text               startup_stm32f407xx.o
    0x08000378   0x00000018   Code   RO         2395    .text               c_w.l(noretval__2printf.o)
    0x08000390   0x00000028   Code   RO         2397    .text               c_w.l(noretval__2sprintf.o)
    0x080003b8   0x00000052   Code   RO         2401    .text               c_w.l(_printf_str.o)
    0x0800040a   0x00000002   PAD
    0x0800040c   0x00000078   Code   RO         2403    .text               c_w.l(_printf_dec.o)
    0x08000484   0x00000058   Code   RO         2408    .text               c_w.l(_printf_hex_int.o)
    0x080004dc   0x0000010e   Code   RO         2434    .text               c_w.l(__printf_wp.o)
    0x080005ea   0x00000024   Code   RO         2453    .text               c_w.l(strstr.o)
    0x0800060e   0x00000048   Code   RO         2455    .text               c_w.l(strcpy.o)
    0x08000656   0x0000003e   Code   RO         2457    .text               c_w.l(strlen.o)
    0x08000694   0x0000008a   Code   RO         2459    .text               c_w.l(rt_memcpy_v6.o)
    0x0800071e   0x00000010   Code   RO         2461    .text               c_w.l(aeabi_memset.o)
    0x0800072e   0x00000002   PAD
    0x08000730   0x00000080   Code   RO         2463    .text               c_w.l(strcmpv7m.o)
    0x080007b0   0x00000006   Code   RO         2465    .text               c_w.l(heapauxi.o)
    0x080007b6   0x00000002   PAD
    0x080007b8   0x00000010   Code   RO         2482    .text               c_w.l(rt_ctype_table.o)
    0x080007c8   0x00000008   Code   RO         2487    .text               c_w.l(rt_errno_addr_intlibspace.o)
    0x080007d0   0x000000b2   Code   RO         2489    .text               c_w.l(_printf_intcommon.o)
    0x08000882   0x0000041a   Code   RO         2491    .text               c_w.l(_printf_fp_dec.o)
    0x08000c9c   0x00000030   Code   RO         2493    .text               c_w.l(_printf_char_common.o)
    0x08000ccc   0x0000000a   Code   RO         2495    .text               c_w.l(_sputc.o)
    0x08000cd6   0x0000002c   Code   RO         2497    .text               c_w.l(_printf_char.o)
    0x08000d02   0x00000002   PAD
    0x08000d04   0x00000024   Code   RO         2499    .text               c_w.l(_printf_char_file.o)
    0x08000d28   0x000000a4   Code   RO         2504    .text               c_w.l(strtod.o)
    0x08000dcc   0x00000064   Code   RO         2506    .text               c_w.l(rt_memcpy_w.o)
    0x08000e30   0x00000044   Code   RO         2508    .text               c_w.l(rt_memclr.o)
    0x08000e74   0x00000008   Code   RO         2519    .text               c_w.l(libspace.o)
    0x08000e7c   0x00000008   Code   RO         2540    .text               c_w.l(rt_locale_intlibspace.o)
    0x08000e84   0x0000008a   Code   RO         2542    .text               c_w.l(lludiv10.o)
    0x08000f0e   0x00000012   Code   RO         2544    .text               c_w.l(isspace.o)
    0x08000f20   0x00000080   Code   RO         2546    .text               c_w.l(_printf_fp_infnan.o)
    0x08000fa0   0x0000001c   Code   RO         2550    .text               c_w.l(_chval.o)
    0x08000fbc   0x00000040   Code   RO         2552    .text               c_w.l(_sgetc.o)
    0x08000ffc   0x000000dc   Code   RO         2554    .text               c_w.l(bigflt0.o)
    0x080010d8   0x00000008   Code   RO         2579    .text               c_w.l(ferror.o)
    0x080010e0   0x0000004e   Code   RO         2589    .text               c_w.l(rt_memclr_w.o)
    0x0800112e   0x0000004a   Code   RO         2597    .text               c_w.l(sys_stackheap_outer.o)
    0x08001178   0x000004a4   Code   RO         2599    .text               c_w.l(scanf_fp.o)
    0x0800161c   0x00000012   Code   RO         2601    .text               c_w.l(exit.o)
    0x0800162e   0x00000016   Code   RO         2684    .text               c_w.l(_rserrno.o)
    0x08001644   0x00000320   Code   RO         2686    .text               c_w.l(scanf_hexfp.o)
    0x08001964   0x00000134   Code   RO         2688    .text               c_w.l(scanf_infnan.o)
    0x08001a98   0x0000000c   Code   RO         2706    .text               c_w.l(sys_exit.o)
    0x08001aa4   0x00000026   Code   RO         2710    .text               c_w.l(llshl.o)
    0x08001aca   0x00000002   Code   RO         2741    .text               c_w.l(use_no_semi.o)
    0x08001acc   0x00000000   Code   RO         2743    .text               c_w.l(indicate_semi.o)
    0x08001acc   0x0000003e   Code   RO         2557    CL$$btod_d2e        c_w.l(btod.o)
    0x08001b0a   0x00000046   Code   RO         2559    CL$$btod_d2e_denorm_low  c_w.l(btod.o)
    0x08001b50   0x00000060   Code   RO         2558    CL$$btod_d2e_norm_op1  c_w.l(btod.o)
    0x08001bb0   0x00000338   Code   RO         2567    CL$$btod_div_common  c_w.l(btod.o)
    0x08001ee8   0x00000054   Code   RO         2565    CL$$btod_e2d        c_w.l(btod.o)
    0x08001f3c   0x000000c6   Code   RO         2564    CL$$btod_e2e        c_w.l(btod.o)
    0x08002002   0x00000028   Code   RO         2561    CL$$btod_ediv       c_w.l(btod.o)
    0x0800202a   0x00000028   Code   RO         2563    CL$$btod_edivd      c_w.l(btod.o)
    0x08002052   0x00000028   Code   RO         2560    CL$$btod_emul       c_w.l(btod.o)
    0x0800207a   0x00000028   Code   RO         2562    CL$$btod_emuld      c_w.l(btod.o)
    0x080020a2   0x00000244   Code   RO         2566    CL$$btod_mult_common  c_w.l(btod.o)
    0x080022e6   0x00000090   Code   RO         1548    i.GPIO_Init         stm32f4xx_gpio.o
    0x08002376   0x00000012   Code   RO         1552    i.GPIO_ReadInputDataBit  stm32f4xx_gpio.o
    0x08002388   0x00000004   Code   RO         1555    i.GPIO_ResetBits    stm32f4xx_gpio.o
    0x0800238c   0x00000004   Code   RO         1556    i.GPIO_SetBits      stm32f4xx_gpio.o
    0x08002390   0x00000012   Code   RO         1557    i.GPIO_StructInit   stm32f4xx_gpio.o
    0x080023a2   0x00000008   Code   RO         1558    i.GPIO_ToggleBits   stm32f4xx_gpio.o
    0x080023aa   0x0000000a   Code   RO         1560    i.GPIO_WriteBit     stm32f4xx_gpio.o
    0x080023b4   0x0000000c   Code   RO         2267    i.PWR_BackupAccessCmd  stm32f4xx_pwr.o
    0x080023c0   0x00000020   Code   RO         1641    i.RCC_AHB1PeriphClockCmd  stm32f4xx_rcc.o
    0x080023e0   0x00000020   Code   RO         1650    i.RCC_APB1PeriphClockCmd  stm32f4xx_rcc.o
    0x08002400   0x0000000c   Code   RO         1657    i.RCC_BackupResetCmd  stm32f4xx_rcc.o
    0x0800240c   0x00000040   Code   RO         1663    i.RCC_GetFlagStatus  stm32f4xx_rcc.o
    0x0800244c   0x0000000c   Code   RO         1672    i.RCC_LSICmd        stm32f4xx_rcc.o
    0x08002458   0x0000000c   Code   RO         1681    i.RCC_RTCCLKCmd     stm32f4xx_rcc.o
    0x08002464   0x0000003c   Code   RO         1682    i.RCC_RTCCLKConfig  stm32f4xx_rcc.o
    0x080024a0   0x00000016   Code   RO         1920    i.RTC_Bcd2ToByte    stm32f4xx_rtc.o
    0x080024b6   0x0000001c   Code   RO         1922    i.RTC_ByteToBcd2    stm32f4xx_rtc.o
    0x080024d2   0x00000002   PAD
    0x080024d4   0x00000050   Code   RO         1932    i.RTC_EnterInitMode  stm32f4xx_rtc.o
    0x08002524   0x00000014   Code   RO         1933    i.RTC_ExitInitMode  stm32f4xx_rtc.o
    0x08002538   0x00000050   Code   RO         1941    i.RTC_GetTime       stm32f4xx_rtc.o
    0x08002588   0x00000064   Code   RO         1946    i.RTC_Init          stm32f4xx_rtc.o
    0x080025ec   0x000000c0   Code   RO         1953    i.RTC_SetTime       stm32f4xx_rtc.o
    0x080026ac   0x00000060   Code   RO         1969    i.RTC_WaitForSynchro  stm32f4xx_rtc.o
    0x0800270c   0x000000c0   Code   RO          267    i.SPI2_ReadWrite    enc28j60.o
    0x080027cc   0x000000ec   Code   RO         2356    i.SetSysClock       system_stm32f4xx.o
    0x080028b8   0x00000068   Code   RO         2358    i.SystemInit        system_stm32f4xx.o
    0x08002920   0x00000030   Code   RO         2595    i.__ARM_fpclassify  m_wm.l(fpclassify.o)
    0x08002950   0x000000d0   Code   RO         2725    i.__hardfp_ldexp    m_wm.l(ldexp.o)
    0x08002a20   0x00000028   Code   RO         2475    i.__hardfp_strtod   m_wm.l(strtod.o)
    0x08002a48   0x00000020   Code   RO         2772    i.__mathlib_dbl_overflow  m_wm.l(dunder.o)
    0x08002a68   0x00000020   Code   RO         2774    i.__mathlib_dbl_underflow  m_wm.l(dunder.o)
    0x08002a88   0x000000b8   Code   RO         2670    i.__mathlib_narrow  m_wm.l(narrow.o)
    0x08002b40   0x00000014   Code   RO         2727    i.__support_ldexp   m_wm.l(ldexp.o)
    0x08002b54   0x0000000e   Code   RO         2436    i._is_digit         c_w.l(__printf_wp.o)
    0x08002b62   0x00000002   PAD
    0x08002b64   0x0000004c   Code   RO            2    i.blinky            main.o
    0x08002bb0   0x0000011c   Code   RO          766    i.check_entries     resolv.o
    0x08002ccc   0x00000046   Code   RO          513    i.chksum            uip.o
    0x08002d12   0x00000002   PAD
    0x08002d14   0x0000000c   Code   RO          885    i.clock_time        clock-arch.o
    0x08002d20   0x000002a4   Code   RO            3    i.data_polling_task  main.o
    0x08002fc4   0x0000000e   Code   RO          268    i.delayCycles       enc28j60.o
    0x08002fd2   0x0000012e   Code   RO          269    i.enc28j60Init      enc28j60.o
    0x08003100   0x000000bc   Code   RO          270    i.enc28j60PacketReceive  enc28j60.o
    0x080031bc   0x00000066   Code   RO          271    i.enc28j60PacketSend  enc28j60.o
    0x08003222   0x00000002   PAD
    0x08003224   0x00000040   Code   RO          272    i.enc28j60PhyWrite  enc28j60.o
    0x08003264   0x00000014   Code   RO          273    i.enc28j60Read      enc28j60.o
    0x08003278   0x00000038   Code   RO          274    i.enc28j60ReadBuffer  enc28j60.o
    0x080032b0   0x00000050   Code   RO          275    i.enc28j60ReadOp    enc28j60.o
    0x08003300   0x00000034   Code   RO          276    i.enc28j60SetBank   enc28j60.o
    0x08003334   0x00000018   Code   RO          277    i.enc28j60Write     enc28j60.o
    0x0800334c   0x00000034   Code   RO          278    i.enc28j60WriteBuffer  enc28j60.o
    0x08003380   0x00000048   Code   RO          279    i.enc28j60WriteOp   enc28j60.o
    0x080033c8   0x00000044   Code   RO            4    i.fputc             main.o
    0x0800340c   0x00000004   PAD
    0x08003410   0x0000008c   Code   RO         2700    i.frexp             m_wm.l(frexp.o)
    0x0800349c   0x00000040   Code   RO            5    i.gpio_init         main.o
    0x080034dc   0x0000000c   Code   RO          514    i.htons             uip.o
    0x080034e8   0x000001b4   Code   RO            6    i.main              main.o
    0x0800369c   0x000000ec   Code   RO          767    i.newdata           resolv.o
    0x08003788   0x0000001e   Code   RO          768    i.parse_name        resolv.o
    0x080037a6   0x00000002   PAD
    0x080037a8   0x00000098   Code   RO         1104    i.prvAddCurrentTaskToDelayedList  tasks.o
    0x08003840   0x000000b4   Code   RO         1105    i.prvAddNewTaskToReadyList  tasks.o
    0x080038f4   0x00000064   Code   RO         1106    i.prvCheckTasksWaitingTermination  tasks.o
    0x08003958   0x00000012   Code   RO         1107    i.prvDeleteTCB      tasks.o
    0x0800396a   0x00000002   PAD
    0x0800396c   0x0000007c   Code   RO         1386    i.prvHeapInit       heap_4.o
    0x080039e8   0x00000028   Code   RO         1108    i.prvIdleTask       tasks.o
    0x08003a10   0x00000080   Code   RO         1109    i.prvInitialiseNewTask  tasks.o
    0x08003a90   0x00000068   Code   RO         1110    i.prvInitialiseTaskLists  tasks.o
    0x08003af8   0x00000068   Code   RO         1387    i.prvInsertBlockIntoFreeList  heap_4.o
    0x08003b60   0x00000034   Code   RO         1111    i.prvResetNextTaskUnblockTime  tasks.o
    0x08003b94   0x00000016   Code   RO         1436    i.prvTaskExitError  port.o
    0x08003baa   0x00000002   PAD
    0x08003bac   0x000000d0   Code   RO         1388    i.pvPortMalloc      heap_4.o
    0x08003c7c   0x0000002c   Code   RO         1437    i.pxPortInitialiseStack  port.o
    0x08003ca8   0x00000034   Code   RO          769    i.resolv_appcall    resolv.o
    0x08003cdc   0x00000028   Code   RO          770    i.resolv_conf       resolv.o
    0x08003d04   0x000000e0   Code   RO            7    i.resolv_found      main.o
    0x08003de4   0x00000038   Code   RO          772    i.resolv_init       resolv.o
    0x08003e1c   0x00000054   Code   RO          773    i.resolv_lookup     resolv.o
    0x08003e70   0x000000b8   Code   RO          774    i.resolv_query      resolv.o
    0x08003f28   0x0000006c   Code   RO            8    i.rtc_init          main.o
    0x08003f94   0x00000088   Code   RO            9    i.spi_init          main.o
    0x0800401c   0x00000024   Code   RO          827    i.tapdev_init       tapdev.o
    0x08004040   0x00000012   Code   RO          828    i.tapdev_read       tapdev.o
    0x08004052   0x00000010   Code   RO          829    i.tapdev_send       tapdev.o
    0x08004062   0x00000002   PAD
    0x08004064   0x00000514   Code   RO          857    i.tcp_appcall       tcp-demo.o
    0x08004578   0x0000001a   Code   RO          480    i.timer_expired     timer.o
    0x08004592   0x0000000a   Code   RO          481    i.timer_reset       timer.o
    0x0800459c   0x00000010   Code   RO          483    i.timer_set         timer.o
    0x080045ac   0x00000070   Code   RO          515    i.uip_add32         uip.o
    0x0800461c   0x00000044   Code   RO          516    i.uip_add_rcv_nxt   uip.o
    0x08004660   0x000000e8   Code   RO          636    i.uip_arp_arpin     uip_arp.o
    0x08004748   0x00000038   Code   RO          637    i.uip_arp_init      uip_arp.o
    0x08004780   0x000001a0   Code   RO          638    i.uip_arp_out       uip_arp.o
    0x08004920   0x00000058   Code   RO          639    i.uip_arp_timer     uip_arp.o
    0x08004978   0x00000124   Code   RO          640    i.uip_arp_update    uip_arp.o
    0x08004a9c   0x00000110   Code   RO          518    i.uip_connect       uip.o
    0x08004bac   0x00000098   Code   RO          519    i.uip_init          uip.o
    0x08004c44   0x00000024   Code   RO          520    i.uip_ipchksum      uip.o
    0x08004c68   0x00000014   Code   RO           10    i.uip_log           main.o
    0x08004c7c   0x00000148   Code   RO           11    i.uip_polling       main.o
    0x08004dc4   0x0000000e   Code   RO           12    i.uip_polling_task  main.o
    0x08004dd2   0x00000002   PAD
    0x08004dd4   0x000011fc   Code   RO          522    i.uip_process       uip.o
    0x08005fd0   0x00000030   Code   RO          523    i.uip_send          uip.o
    0x08006000   0x0000000a   Code   RO          525    i.uip_tcpchksum     uip.o
    0x0800600a   0x00000002   PAD
    0x0800600c   0x00000018   Code   RO           13    i.uip_tick_task     main.o
    0x08006024   0x000000d0   Code   RO          526    i.uip_udp_new       uip.o
    0x080060f4   0x0000000a   Code   RO          527    i.uip_udpchksum     uip.o
    0x080060fe   0x0000005e   Code   RO          751    i.uiplib_ipaddrconv  uiplib.o
    0x0800615c   0x00000048   Code   RO          529    i.upper_layer_chksum  uip.o
    0x080061a4   0x00000028   Code   RO          920    i.uxListRemove      list.o
    0x080061cc   0x0000001a   Code   RO          921    i.vListInitialise   list.o
    0x080061e6   0x00000006   Code   RO          922    i.vListInitialiseItem  list.o
    0x080061ec   0x00000034   Code   RO          923    i.vListInsert       list.o
    0x08006220   0x00000018   Code   RO          924    i.vListInsertEnd    list.o
    0x08006238   0x00000024   Code   RO         1439    i.vPortEnterCritical  port.o
    0x0800625c   0x00000020   Code   RO         1440    i.vPortExitCritical  port.o
    0x0800627c   0x00000048   Code   RO         1389    i.vPortFree         heap_4.o
    0x080062c4   0x00000020   Code   RO         1441    i.vPortSetupTimerInterrupt  port.o
    0x080062e4   0x00000034   Code   RO         1118    i.vTaskDelay        tasks.o
    0x08006318   0x00000018   Code   RO         1128    i.vTaskSetTimeOutState  tasks.o
    0x08006330   0x00000064   Code   RO         1129    i.vTaskStartScheduler  tasks.o
    0x08006394   0x00000010   Code   RO         1131    i.vTaskSuspendAll   tasks.o
    0x080063a4   0x00000060   Code   RO         1132    i.vTaskSwitchContext  tasks.o
    0x08006404   0x00000048   Code   RO         1442    i.xPortStartScheduler  port.o
    0x0800644c   0x00000034   Code   RO         1443    i.xPortSysTickHandler  port.o
    0x08006480   0x0000005c   Code   RO         1133    i.xTaskCheckForTimeOut  tasks.o
    0x080064dc   0x00000060   Code   RO         1134    i.xTaskCreate       tasks.o
    0x0800653c   0x0000011c   Code   RO         1139    i.xTaskIncrementTick  tasks.o
    0x08006658   0x000000e8   Code   RO         1144    i.xTaskResumeAll    tasks.o
    0x08006740   0x0000002c   Code   RO         2584    locale$$code        c_w.l(lc_ctype_c.o)
    0x0800676c   0x0000002c   Code   RO         2587    locale$$code        c_w.l(lc_numeric_c.o)
    0x08006798   0x00000062   Code   RO         2469    x$fpl$d2f           fz_wm.l(d2f.o)
    0x080067fa   0x00000002   PAD
    0x080067fc   0x00000010   Code   RO         2793    x$fpl$dcheck1       fz_wm.l(dcheck1.o)
    0x0800680c   0x00000018   Code   RO         2719    x$fpl$dcmpinf       fz_wm.l(dcmpi.o)
    0x08006824   0x00000078   Code   RO         2694    x$fpl$deqf          fz_wm.l(deqf.o)
    0x0800689c   0x00000078   Code   RO         2721    x$fpl$dleqf         fz_wm.l(dleqf.o)
    0x08006914   0x00000154   Code   RO         2723    x$fpl$dmul          fz_wm.l(dmul.o)
    0x08006a68   0x0000009c   Code   RO         2510    x$fpl$dnaninf       fz_wm.l(dnaninf.o)
    0x08006b04   0x0000000c   Code   RO         2512    x$fpl$dretinf       fz_wm.l(dretinf.o)
    0x08006b10   0x0000006c   Code   RO         2696    x$fpl$drleqf        fz_wm.l(drleqf.o)
    0x08006b7c   0x00000056   Code   RO         2471    x$fpl$f2d           fz_wm.l(f2d.o)
    0x08006bd2   0x0000008c   Code   RO         2514    x$fpl$fnaninf       fz_wm.l(fnaninf.o)
    0x08006c5e   0x0000000a   Code   RO         2661    x$fpl$fpinit        fz_wm.l(fpinit.o)
    0x08006c68   0x0000000a   Code   RO         2516    x$fpl$fretinf       fz_wm.l(fretinf.o)
    0x08006c72   0x00000004   Code   RO         2473    x$fpl$printf1       fz_wm.l(printf1.o)
    0x08006c76   0x00000064   Code   RO         2803    x$fpl$retnan        fz_wm.l(retnan.o)
    0x08006cda   0x0000005c   Code   RO         2766    x$fpl$scalbn        fz_wm.l(scalbn.o)
    0x08006d36   0x00000004   Code   RO         2593    x$fpl$scanf1        fz_wm.l(scanf1.o)
    0x08006d3a   0x00000008   Code   RO         2663    x$fpl$scanf2        fz_wm.l(scanf2.o)
    0x08006d42   0x00000030   Code   RO         2821    x$fpl$trapveneer    fz_wm.l(trapv.o)
    0x08006d72   0x00000000   Code   RO         2518    x$fpl$usenofp       fz_wm.l(usenofp.o)
    0x08006d72   0x00000008   Data   RO          531    .constdata          uip.o
    0x08006d7a   0x0000000a   Data   RO          642    .constdata          uip_arp.o
    0x08006d84   0x00000237   Data   RO          860    .constdata          tcp-demo.o
    0x08006fbb   0x00000028   Data   RO         2409    .constdata          c_w.l(_printf_hex_int.o)
    0x08006fe3   0x00000001   PAD
    0x08006fe4   0x00000094   Data   RO         2555    .constdata          c_w.l(bigflt0.o)
    0x08007078   0x0000004c   Data   RO          861    .conststring        tcp-demo.o
    0x080070c4   0x00000020   Data   RO         2823    Region$$Table       anon$$obj.o
    0x080070e4   0x00000008   Data   RO         2658    c$$dinf             fz_wm.l(fpconst.o)
    0x080070ec   0x00000110   Data   RO         2583    locale$$data        c_w.l(lc_ctype_c.o)
    0x080071fc   0x0000001c   Data   RO         2586    locale$$data        c_w.l(lc_numeric_c.o)


    Execution Region RW_IRAM1 (Base: 0x20000000, Size: 0x00003cc0, Max: 0x00020000, ABSOLUTE, COMPRESSED[0x00000038])

    Base Addr    Size         Type   Attr      Idx    E Section Name        Object

    0x20000000   0x00000028   Data   RW           14    .data               main.o
    0x20000028   0x0000000e   Data   RW          282    .data               enc28j60.o
    0x20000036   0x00000002   PAD
    0x20000038   0x0000003c   Data   RW          532    .data               uip.o
    0x20000074   0x00000008   Data   RW          643    .data               uip_arp.o
    0x2000007c   0x00000017   Data   RW          776    .data               resolv.o
    0x20000093   0x00000006   Data   RW          830    .data               tapdev.o
    0x20000099   0x00000007   PAD
    0x200000a0   0x00000058   Data   RW          862    .data               tcp-demo.o
    0x200000f8   0x0000003c   Data   RW         1147    .data               tasks.o
    0x20000134   0x00000018   Data   RW         1394    .data               heap_4.o
    0x2000014c   0x00000004   Data   RW         1444    .data               port.o
    0x20000150   0x00000004   Data   RW         2360    .data               system_stm32f4xx.o
    0x20000154   0x000009ac   Zero   RW          530    .bss                uip.o
    0x20000b00   0x00000060   Zero   RW          641    .bss                uip_arp.o
    0x20000b60   0x000000a8   Zero   RW          775    .bss                resolv.o
    0x20000c08   0x00000190   Zero   RW          859    .bss                tcp-demo.o
    0x20000d98   0x000000c8   Zero   RW         1146    .bss                tasks.o
    0x20000e60   0x00002800   Zero   RW         1393    .bss                heap_4.o
    0x20003660   0x00000060   Zero   RW         2520    .bss                c_w.l(libspace.o)
    0x200036c0   0x00000200   Zero   RW         2349    HEAP                startup_stm32f407xx.o
    0x200038c0   0x00000400   Zero   RW         2348    STACK               startup_stm32f407xx.o


==============================================================================

Image component sizes


      Code (inc. data)   RO Data    RW Data    ZI Data      Debug   Object Name

        12          6          0          0          0        457   clock-arch.o
      1218         42          0         14          0       9434   enc28j60.o
       508         62          0         24      10240       3931   heap_4.o
       148          0          0          0          0       4702   list.o
      2174        600          0         40          0     279768   main.o
       472         58          0          4          0       9728   port.o
         0          0          0          0          0       8385   psock.o
       966         94          0         23        168       6656   resolv.o
        64         26        392          0       1536        852   startup_stm32f407xx.o
       206          0          0          0          0       4884   stm32f4xx_gpio.o
        12          6          0          0          0        574   stm32f4xx_pwr.o
       224         44          0          0          0       4299   stm32f4xx_rcc.o
       618         36          0          0          0       6323   stm32f4xx_rtc.o
       340         32          0          4          0       1907   system_stm32f4xx.o
        70          8          0          6          0       2122   tapdev.o
      1766        282          0         60        200      23039   tasks.o
      1300        306        643         88        400       3192   tcp-demo.o
        52          0          0          0          0       2186   timer.o
      5674        646          8         60       2476      19006   uip.o
      1084        108         10          8         96      11976   uip_arp.o
        94          0          0          0          0        872   uiplib.o

    ----------------------------------------------------------------------
     17026       2360       1085        340      15116     404293   Object Totals
         0          0         32          0          0          0   (incl. Generated)
        24          4          0          9          0          0   (incl. Padding)

    ----------------------------------------------------------------------

      Code (inc. data)   RO Data    RW Data    ZI Data      Debug   Library Member Name

        58          0          0          0          0          0   __dczerorl.o
         8          0          0          0          0         68   __main.o
       284          0          0          0          0        156   __printf_wp.o
         0          0          0          0          0          0   __rtentry.o
        12          0          0          0          0          0   __rtentry2.o
         6          0          0          0          0          0   __rtentry4.o
        52          8          0          0          0          0   __scatter.o
        28          0          0          0          0          0   __scatter_zi.o
        28          0          0          0          0         68   _chval.o
        44          0          0          0          0        108   _printf_char.o
        48          6          0          0          0         96   _printf_char_common.o
        36          4          0          0          0         80   _printf_char_file.o
         6          0          0          0          0          0   _printf_d.o
       120         16          0          0          0         92   _printf_dec.o
         6          0          0          0          0          0   _printf_f.o
      1050          0          0          0          0        216   _printf_fp_dec.o
       128         16          0          0          0         84   _printf_fp_infnan.o
        88          4         40          0          0         88   _printf_hex_int.o
       178          0          0          0          0         88   _printf_intcommon.o
         0          0          0          0          0          0   _printf_percent.o
         4          0          0          0          0          0   _printf_percent_end.o
         6          0          0          0          0          0   _printf_s.o
        82          0          0          0          0         80   _printf_str.o
         6          0          0          0          0          0   _printf_x.o
        22          0          0          0          0        100   _rserrno.o
        64          0          0          0          0         84   _sgetc.o
        10          0          0          0          0         68   _sputc.o
        16          0          0          0          0         68   aeabi_memset.o
       220          4        148          0          0         96   bigflt0.o
      2074        132          0          0          0        940   btod.o
        18          0          0          0          0         80   exit.o
         8          0          0          0          0         68   ferror.o
         6          0          0          0          0        152   heapauxi.o
         0          0          0          0          0          0   indicate_semi.o
        18          0          0          0          0         76   isspace.o
        44         10        272          0          0         76   lc_ctype_c.o
        44         10         28          0          0         76   lc_numeric_c.o
         2          0          0          0          0          0   libinit.o
        34          0          0          0          0          0   libinit2.o
         2          0          0          0          0          0   libshutdown.o
         2          0          0          0          0          0   libshutdown2.o
         8          4          0          0         96         68   libspace.o
        38          0          0          0          0         68   llshl.o
       138          0          0          0          0         80   lludiv10.o
        24          4          0          0          0         84   noretval__2printf.o
        40          6          0          0          0         84   noretval__2sprintf.o
        16          4          0          0          0         76   rt_ctype_table.o
         8          4          0          0          0         68   rt_errno_addr_intlibspace.o
         8          4          0          0          0         68   rt_locale_intlibspace.o
        68          0          0          0          0         68   rt_memclr.o
        78          0          0          0          0         80   rt_memclr_w.o
       138          0          0          0          0         68   rt_memcpy_v6.o
       100          0          0          0          0         80   rt_memcpy_w.o
         2          0          0          0          0          0   rtexit.o
        10          0          0          0          0          0   rtexit2.o
      1188         12          0          0          0        148   scanf_fp.o
       800         14          0          0          0        100   scanf_hexfp.o
       308         16          0          0          0        100   scanf_infnan.o
       128          0          0          0          0         68   strcmpv7m.o
        72          0          0          0          0         80   strcpy.o
        62          0          0          0          0         76   strlen.o
        36          0          0          0          0         80   strstr.o
       164         14          0          0          0        120   strtod.o
        12          4          0          0          0         68   sys_exit.o
        74          0          0          0          0         80   sys_stackheap_outer.o
         2          0          0          0          0         68   use_no_semi.o
        98          4          0          0          0        140   d2f.o
        16          4          0          0          0        116   dcheck1.o
        24          0          0          0          0        116   dcmpi.o
       120          4          0          0          0        140   deqf.o
       120          4          0          0          0        140   dleqf.o
       340         12          0          0          0        152   dmul.o
       156          4          0          0          0        140   dnaninf.o
        12          0          0          0          0        116   dretinf.o
       108          0          0          0          0        128   drleqf.o
        86          4          0          0          0        132   f2d.o
       140          4          0          0          0        132   fnaninf.o
         0          0          8          0          0          0   fpconst.o
        10          0          0          0          0        116   fpinit.o
        10          0          0          0          0        116   fretinf.o
         4          0          0          0          0        116   printf1.o
       100          0          0          0          0        116   retnan.o
        92          0          0          0          0        116   scalbn.o
         4          0          0          0          0        116   scanf1.o
         8          0          0          0          0        132   scanf2.o
        48          0          0          0          0        116   trapv.o
         0          0          0          0          0          0   usenofp.o
        64         16          0          0          0        248   dunder.o
        48          0          0          0          0        124   fpclassify.o
       140         22          0          0          0        132   frexp.o
       228          8          0          0          0        308   ldexp.o
       184         18          0          0          0        152   narrow.o
        40         10          0          0          0        128   strtod.o

    ----------------------------------------------------------------------
     10600        410        497          0         96       8476   Library Totals
        16          0          1          0          0          0   (incl. Padding)

    ----------------------------------------------------------------------

      Code (inc. data)   RO Data    RW Data    ZI Data      Debug   Library Name

      8384        296        488          0         96       4988   c_w.l
      1496         40          8          0          0       2396   fz_wm.l
       704         74          0          0          0       1092   m_wm.l

    ----------------------------------------------------------------------
     10600        410        497          0         96       8476   Library Totals

    ----------------------------------------------------------------------

==============================================================================


      Code (inc. data)   RO Data    RW Data    ZI Data      Debug   

     27626       2770       1582        340      15212     395909   Grand Totals
     27626       2770       1582         56      15212     395909   ELF Image Totals (compressed)
     27626       2770       1582         56          0          0   ROM Totals

==============================================================================

    Total RO  Size (Code + RO Data)                29208 (  28.52kB)
    Total RW  Size (RW Data + ZI Data)             15552 (  15.19kB)
    Total ROM Size (Code + RO Data + RW Data)      29264 (  28.58kB)

==============================================================================

